Component: ARM Compiler 5.05 (build 41) Tool: armlink [4d0eb9]

==============================================================================

Section Cross References

    startup_stm32f10x_hd.o(RESET) refers to startup_stm32f10x_hd.o(STACK) for __initial_sp
    startup_stm32f10x_hd.o(RESET) refers to startup_stm32f10x_hd.o(.text) for Reset_Handler
    startup_stm32f10x_hd.o(RESET) refers to stm32f10x_it.o(.text) for NMI_Handler
    startup_stm32f10x_hd.o(.text) refers to system_stm32f10x.o(.text) for SystemInit
    startup_stm32f10x_hd.o(.text) refers to entry.o(.ARM.Collect$$$$00000000) for __main
    system_stm32f10x.o(.text) refers to system_stm32f10x.o(.data) for SystemCoreClock
    stm32f10x_adc.o(.text) refers to stm32f10x_rcc.o(.text) for RCC_APB2PeriphResetCmd
    stm32f10x_bkp.o(.text) refers to stm32f10x_rcc.o(.text) for RCC_BackupResetCmd
    stm32f10x_can.o(.text) refers to stm32f10x_rcc.o(.text) for RCC_APB1PeriphResetCmd
    stm32f10x_cec.o(.text) refers to stm32f10x_rcc.o(.text) for RCC_APB1PeriphResetCmd
    stm32f10x_dac.o(.text) refers to stm32f10x_rcc.o(.text) for RCC_APB1PeriphResetCmd
    stm32f10x_gpio.o(.text) refers to stm32f10x_rcc.o(.text) for RCC_APB2PeriphResetCmd
    stm32f10x_i2c.o(.text) refers to stm32f10x_rcc.o(.text) for RCC_APB1PeriphResetCmd
    stm32f10x_pwr.o(.text) refers to stm32f10x_rcc.o(.text) for RCC_APB1PeriphResetCmd
    stm32f10x_rcc.o(.text) refers to stm32f10x_rcc.o(.data) for APBAHBPrescTable
    stm32f10x_spi.o(.text) refers to stm32f10x_rcc.o(.text) for RCC_APB2PeriphResetCmd
    stm32f10x_tim.o(.text) refers to stm32f10x_rcc.o(.text) for RCC_APB2PeriphResetCmd
    stm32f10x_usart.o(.text) refers to stm32f10x_rcc.o(.text) for RCC_APB2PeriphResetCmd
    stm32f10x_wwdg.o(.text) refers to stm32f10x_rcc.o(.text) for RCC_APB1PeriphResetCmd
    main.o(.text) refers to usart1.o(.text) for USART1_Init
    main.o(.text) refers to usart2.o(.text) for USART2_Init
    main.o(.text) refers to utils.o(.text) for mDelay
    main.o(.text) refers to hal_i2c.o(.text) for Hal_I2C_Init
    main.o(.text) refers to esp8266.o(.text) for ESP8266_Init
    main.o(.text) refers to mqtt_loop.o(.text) for MQTT_Loop
    stm32f10x_it.o(.text) refers to usart2.o(.data) for usart2_rcv_len
    stm32f10x_it.o(.text) refers to usart2.o(.bss) for usart2_rcv_buf
    mqtt.o(.text) refers to memmovea.o(.text) for __aeabi_memcpy
    mqtt.o(.text) refers to ctype_o.o(.text) for __rt_ctype_table
    mqtt.o(.text) refers to ldiv.o(.text) for __aeabi_ldivmod
    mqtt.o(.text) refers to strftime.o(.text) for strftime
    mqtt.o(.text) refers to printfa.o(i.__0sprintf) for __2sprintf
    mqtt.o(.text) refers to malloc.o(i.malloc) for malloc
    mqtt.o(.text) refers to malloc.o(i.free) for free
    mqtt.o(.text) refers to mqtt_buffer.o(.text) for MqttBuffer_AllocExtent
    mqtt.o(.text) refers to strstr.o(.text) for strstr
    mqtt.o(.text) refers to mqtt.o(.constdata) for Mqtt_TrailingBytesForUTF8
    mqtt.o(.text) refers to printfa.o(i.__0printf) for __2printf
    mqtt.o(.text) refers to memseta.o(.text) for __aeabi_memclr4
    mqtt.o(.text) refers to mqtt_loop.o(.bss) for smpctx
    mqtt.o(.text) refers to strlen.o(.text) for strlen
    mqtt.o(.text) refers to strcpy.o(.text) for strcpy
    mqtt.o(.text) refers to printfa.o(i.__0snprintf) for __2snprintf
    mqtt_buffer.o(.text) refers to malloc.o(i.free) for free
    mqtt_buffer.o(.text) refers to malloc.o(i.malloc) for malloc
    mqtt_buffer.o(.text) refers to printfa.o(i.__0printf) for __2printf
    mqtt_buffer.o(.text) refers to memseta.o(.text) for __aeabi_memclr4
    mqtt_buffer.o(.text) refers to memmovea.o(.text) for __aeabi_memcpy4
    mqtt_buffer.o(.text) refers to mqtt_buffer.o(.constdata) for __func__
    mqtt_loop.o(.text) refers to utils.o(.text) for mDelay
    mqtt_loop.o(.text) refers to usart2.o(.text) for USART2_GetRcvNum
    mqtt_loop.o(.text) refers to printfa.o(i.__0printf) for __2printf
    mqtt_loop.o(.text) refers to memseta.o(.text) for __aeabi_memclr4
    mqtt_loop.o(.text) refers to memmovea.o(.text) for __aeabi_memcpy
    mqtt_loop.o(.text) refers to esp8266.o(.text) for USART2_SendData
    mqtt_loop.o(.text) refers to strcpy.o(.text) for strcpy
    mqtt_loop.o(.text) refers to ldiv.o(.text) for __aeabi_ldivmod
    mqtt_loop.o(.text) refers to localtime.o(.text) for localtime
    mqtt_loop.o(.text) refers to strlen.o(.text) for strlen
    mqtt_loop.o(.text) refers to mqtt.o(.text) for Mqtt_PackConnectPkt
    mqtt_loop.o(.text) refers to mqtt_buffer.o(.text) for MqttBuffer_Reset
    mqtt_loop.o(.text) refers to printfa.o(i.__0sprintf) for __2sprintf
    mqtt_loop.o(.text) refers to mqtt_loop.o(.bss) for send_buf
    mqtt_loop.o(.text) refers to mqtt_loop.o(.constdata) for __func__
    mqtt_loop.o(.text) refers to mqtt_loop.o(.conststring) for .conststring
    mqtt_loop.o(.text) refers to mqtt_loop.o(.data) for count
    usart1.o(.text) refers to stm32f10x_rcc.o(.text) for RCC_APB2PeriphClockCmd
[...]
    printfa.o(i.__0sprintf) refers (Special) to iusefp.o(.text) for __I$use$fp
    printfa.o(i.__0sprintf) refers to printfa.o(i._printf_core) for _printf_core
    printfa.o(i.__0sprintf) refers to printfa.o(i._sputc) for _sputc
    printfa.o(i.__0vfprintf) refers (Special) to iusefp.o(.text) for __I$use$fp
    printfa.o(i.__0vfprintf) refers to printfa.o(i._printf_core) for _printf_core
    printfa.o(i.__0vfprintf) refers to usart1.o(.text) for fputc
    printfa.o(i.__0vprintf) refers (Special) to iusefp.o(.text) for __I$use$fp
    printfa.o(i.__0vprintf) refers to printfa.o(i._printf_core) for _printf_core
    printfa.o(i.__0vprintf) refers to usart1.o(.text) for fputc
    printfa.o(i.__0vprintf) refers to stdout.o(.data) for __stdout
    printfa.o(i.__0vsnprintf) refers (Special) to iusefp.o(.text) for __I$use$fp
    printfa.o(i.__0vsnprintf) refers to printfa.o(i._printf_core) for _printf_core
    printfa.o(i.__0vsnprintf) refers to printfa.o(i._snputc) for _snputc
    printfa.o(i.__0vsprintf) refers (Special) to iusefp.o(.text) for __I$use$fp
    printfa.o(i.__0vsprintf) refers to printfa.o(i._printf_core) for _printf_core
    printfa.o(i.__0vsprintf) refers to printfa.o(i._sputc) for _sputc
    printfa.o(i._fp_digits) refers (Special) to iusefp.o(.text) for __I$use$fp
    printfa.o(i._fp_digits) refers to dmul.o(.text) for __aeabi_dmul
    printfa.o(i._fp_digits) refers to ddiv.o(.text) for __aeabi_ddiv
    printfa.o(i._fp_digits) refers to cdrcmple.o(.text) for __aeabi_cdrcmple
    printfa.o(i._fp_digits) refers to dadd.o(.text) for __aeabi_dadd
    printfa.o(i._fp_digits) refers to dfixul.o(.text) for __aeabi_d2ulz
    printfa.o(i._fp_digits) refers to uldiv.o(.text) for __aeabi_uldivmod
    printfa.o(i._printf_core) refers (Special) to iusefp.o(.text) for __I$use$fp
    printfa.o(i._printf_core) refers to printfa.o(i._printf_pre_padding) for _printf_pre_padding
    printfa.o(i._printf_core) refers to uldiv.o(.text) for __aeabi_uldivmod
    printfa.o(i._printf_core) refers to printfa.o(i._printf_post_padding) for _printf_post_padding
    printfa.o(i._printf_core) refers to printfa.o(i._fp_digits) for _fp_digits
    printfa.o(i._printf_core) refers to uidiv.o(.text) for __aeabi_uidivmod
    printfa.o(i._printf_post_padding) refers (Special) to iusefp.o(.text) for __I$use$fp
    printfa.o(i._printf_pre_padding) refers (Special) to iusefp.o(.text) for __I$use$fp
    printfa.o(i._snputc) refers (Special) to iusefp.o(.text) for __I$use$fp
    printfa.o(i._sputc) refers (Special) to iusefp.o(.text) for __I$use$fp
    malloc.o(i.free) refers to mvars.o(.data) for __microlib_freelist
    malloc.o(i.malloc) refers to mvars.o(.data) for __microlib_freelist_initialised
    malloc.o(i.malloc) refers to mvars.o(.data) for __microlib_freelist
    malloc.o(i.malloc) refers to startup_stm32f10x_hd.o(HEAP) for __heap_base
    mallocr.o(i.__free$realloc) refers to mvars.o(.data) for __microlib_freelist
    mallocr.o(i.__malloc$realloc) refers to mallocr.o(i.internal_alloc) for internal_alloc
    mallocr.o(i.__malloc$realloc) refers to mvars.o(.data) for __microlib_freelist_initialised
    mallocr.o(i.__malloc$realloc) refers to startup_stm32f10x_hd.o(HEAP) for __heap_base
    mallocr.o(i.__malloc$realloc) refers to mvars.o(.data) for __microlib_freelist
    mallocr.o(i.internal_alloc) refers to memmovea.o(.text) for __aeabi_memcpy
    mallocr.o(i.internal_alloc) refers to mvars.o(.data) for __microlib_freelist
    mallocr.o(i.realloc) refers to mallocr.o(i.__free$realloc) for __free$realloc
    mallocr.o(i.realloc) refers to mallocr.o(i.internal_alloc) for internal_alloc
    mallocr.o(i.realloc) refers to mallocr.o(i.__malloc$realloc) for __malloc$realloc
    mallocr.o(i.realloc) refers to mvars.o(.data) for __microlib_freelist
    malloca.o(i.__aligned_malloc) refers to mvars.o(.data) for __microlib_freelist_initialised
    malloca.o(i.__aligned_malloc) refers to mvars.o(.data) for __microlib_freelist
    malloca.o(i.__aligned_malloc) refers to startup_stm32f10x_hd.o(HEAP) for __heap_base
    malloca.o(i.__free$memalign) refers to mvars.o(.data) for __microlib_freelist
    malloca.o(i.__malloc$memalign) refers to malloca.o(i.__aligned_malloc) for __aligned_malloc
    mallocra.o(i.__aligned_malloc$realloc) refers to mallocra.o(i.internal_alloc) for internal_alloc
    mallocra.o(i.__aligned_malloc$realloc) refers to mvars.o(.data) for __microlib_freelist_initialised
    mallocra.o(i.__aligned_malloc$realloc) refers to startup_stm32f10x_hd.o(HEAP) for __heap_base
    mallocra.o(i.__aligned_malloc$realloc) refers to mvars.o(.data) for __microlib_freelist
    mallocra.o(i.__free$realloc$memalign) refers to mvars.o(.data) for __microlib_freelist
    mallocra.o(i.__malloc$realloc$memalign) refers to mallocra.o(i.__aligned_malloc$realloc) for __aligned_malloc$realloc
    mallocra.o(i.__realloc$memalign) refers to mallocra.o(i.__free$realloc$memalign) for __free$realloc$memalign
    mallocra.o(i.__realloc$memalign) refers to mallocra.o(i.internal_alloc) for internal_alloc
    mallocra.o(i.__realloc$memalign) refers to mallocra.o(i.__malloc$realloc$memalign) for __malloc$realloc$memalign
    mallocra.o(i.__realloc$memalign) refers to mvars.o(.data) for __microlib_freelist
    mallocra.o(i.internal_alloc) refers to memmovea.o(.text) for __aeabi_memcpy
    mallocra.o(i.internal_alloc) refers to mvars.o(.data) for __microlib_freelist
    dadd.o(.text) refers (Special) to iusefp.o(.text) for __I$use$fp
    dadd.o(.text) refers to llshl.o(.text) for __aeabi_llsl
    dadd.o(.text) refers to llsshr.o(.text) for __aeabi_lasr
    dadd.o(.text) refers to depilogue.o(.text) for _double_epilogue
    dmul.o(.text) refers (Special) to iusefp.o(.text) for __I$use$fp
    dmul.o(.text) refers to depilogue.o(.text) for _double_epilogue
    ffltui.o(.text) refers (Special) to iusefp.o(.text) for __I$use$fp
    ffltui.o(.text) refers to fepilogue.o(.text) for _float_epilogue
    dflti.o(.text) refers (Special) to iusefp.o(.text) for __I$use$fp
    dflti.o(.text) refers to depilogue.o(.text) for _double_epilogue
    ffixui.o(.text) refers (Special) to iusefp.o(.text) for __I$use$fp
    dfixi.o(.text) refers (Special) to iusefp.o(.text) for __I$use$fp
    dfixi.o(.text) refers to llushr.o(.text) for __aeabi_llsr
    f2d.o(.text) refers (Special) to iusefp.o(.text) for __I$use$fp
    cdcmple.o(.text) refers (Special) to iusefp.o(.text) for __I$use$fp
    cdrcmple.o(.text) refers (Special) to iusefp.o(.text) for __I$use$fp
    d2f.o(.text) refers (Special) to iusefp.o(.text) for __I$use$fp
    d2f.o(.text) refers to fepilogue.o(.text) for _float_round
    dunder.o(i.__mathlib_dbl_divzero) refers to ddiv.o(.text) for __aeabi_ddiv
    dunder.o(i.__mathlib_dbl_infnan) refers to dscalb.o(.text) for __ARM_scalbn
    dunder.o(i.__mathlib_dbl_infnan2) refers to dadd.o(.text) for __aeabi_dadd
    dunder.o(i.__mathlib_dbl_invalid) refers to ddiv.o(.text) for __aeabi_ddiv
    dunder.o(i.__mathlib_dbl_overflow) refers to dscalb.o(.text) for __ARM_scalbn
    dunder.o(i.__mathlib_dbl_posinfnan) refers to dmul.o(.text) for __aeabi_dmul
    dunder.o(i.__mathlib_dbl_underflow) refers to dscalb.o(.text) for __ARM_scalbn
    fpclassify.o(i.__ARM_fpclassify) refers (Special) to iusefp.o(.text) for __I$use$fp
    poly.o(i.__kernel_poly) refers (Special) to iusefp.o(.text) for __I$use$fp
    poly.o(i.__kernel_poly) refers to dmul.o(.text) for __aeabi_dmul
    poly.o(i.__kernel_poly) refers to dadd.o(.text) for __aeabi_dadd
    qnan.o(.constdata) refers (Special) to iusefp.o(.text) for __I$use$fp
    sqrt.o(i.__softfp_sqrt) refers (Special) to iusefp.o(.text) for __I$use$fp
    sqrt.o(i.__softfp_sqrt) refers to dsqrt.o(.text) for _dsqrt
    sqrt.o(i.__softfp_sqrt) refers to errno.o(i.__set_errno) for __set_errno
    sqrt.o(i.sqrt) refers (Special) to iusefp.o(.text) for __I$use$fp
    sqrt.o(i.sqrt) refers to dsqrt.o(.text) for _dsqrt
    sqrt.o(i.sqrt) refers to errno.o(i.__set_errno) for __set_errno
    sqrt_x.o(i.____softfp_sqrt$lsc) refers (Special) to iusefp.o(.text) for __I$use$fp
    sqrt_x.o(i.____softfp_sqrt$lsc) refers to cdcmple.o(.text) for __aeabi_cdcmple
    sqrt_x.o(i.____softfp_sqrt$lsc) refers to errno.o(i.__set_errno) for __set_errno
    sqrt_x.o(i.____softfp_sqrt$lsc) refers to dsqrt.o(.text) for _dsqrt
    sqrt_x.o(i.__sqrt$lsc) refers (Special) to iusefp.o(.text) for __I$use$fp
    sqrt_x.o(i.__sqrt$lsc) refers to cdcmple.o(.text) for __aeabi_cdcmple
    sqrt_x.o(i.__sqrt$lsc) refers to errno.o(i.__set_errno) for __set_errno
    sqrt_x.o(i.__sqrt$lsc) refers to dsqrt.o(.text) for _dsqrt
    entry2.o(.ARM.Collect$$$$00000001) refers to entry2.o(.ARM.Collect$$$$00002712) for __lit__00000000
    entry2.o(.ARM.Collect$$$$00002712) refers to startup_stm32f10x_hd.o(STACK) for __initial_sp
    entry2.o(__vectab_stack_and_reset_area) refers to startup_stm32f10x_hd.o(STACK) for __initial_sp
    entry2.o(__vectab_stack_and_reset_area) refers to entry.o(.ARM.Collect$$$$00000000) for __main
    entry5.o(.ARM.Collect$$$$00000004) refers to init.o(.text) for __scatterload
    entry9a.o(.ARM.Collect$$$$0000000B) refers to main.o(.text) for main
    entry9b.o(.ARM.Collect$$$$0000000C) refers to main.o(.text) for main
    uldiv.o(.text) refers to llushr.o(.text) for __aeabi_llsr
    uldiv.o(.text) refers to llshl.o(.text) for __aeabi_llsl
    errno.o(i.__aeabi_errno_addr) refers to errno.o(.data) for .data
    errno.o(i.__read_errno) refers to errno.o(.data) for .data
    errno.o(i.__set_errno) refers to errno.o(.data) for .data
    depilogue.o(.text) refers to llshl.o(.text) for __aeabi_llsl
    depilogue.o(.text) refers to llushr.o(.text) for __aeabi_llsr
    ddiv.o(.text) refers to depilogue.o(.text) for _double_round
    dfixul.o(.text) refers to llushr.o(.text) for __aeabi_llsr
    dfixul.o(.text) refers to llshl.o(.text) for __aeabi_llsl
    init.o(.text) refers to entry5.o(.ARM.Collect$$$$00000004) for __main_after_scatterload
    dsqrt.o(.text) refers to llushr.o(.text) for __aeabi_llsr
    dsqrt.o(.text) refers to depilogue.o(.text) for _double_round


==============================================================================

Removing Unused input sections from the image.

    Removing core_cm3.o(.emb_text), (32 bytes).
    Removing stm32f10x_adc.o(.text), (1102 bytes).
    Removing stm32f10x_bkp.o(.text), (196 bytes).
    Removing stm32f10x_can.o(.text), (2544 bytes).
    Removing stm32f10x_cec.o(.text), (288 bytes).
    Removing stm32f10x_crc.o(.text), (72 bytes).
    Removing stm32f10x_dac.o(.text), (396 bytes).
    Removing stm32f10x_dbgmcu.o(.text), (48 bytes).
    Removing stm32f10x_dma.o(.text), (596 bytes).
    Removing stm32f10x_exti.o(.text), (284 bytes).
    Removing stm32f10x_flash.o(.text), (1468 bytes).
    Removing stm32f10x_fsmc.o(.text), (1548 bytes).
    Removing stm32f10x_iwdg.o(.text), (64 bytes).
    Removing stm32f10x_pwr.o(.text), (204 bytes).
    Removing stm32f10x_rtc.o(.text), (328 bytes).
    Removing stm32f10x_sdio.o(.text), (468 bytes).
    Removing stm32f10x_spi.o(.text), (780 bytes).
    Removing stm32f10x_tim.o(.text), (3610 bytes).
    Removing stm32f10x_wwdg.o(.text), (136 bytes).
    Removing usart1.o(.bss), (256 bytes).
    Removing usart1.o(.data), (12 bytes).
    Removing cjson.o(.text), (6784 bytes).
    Removing cjson.o(.constdata), (7 bytes).
    Removing cjson.o(.data), (12 bytes).
    Removing sht20.o(.text), (1708 bytes).
    Removing sht20.o(.constdata), (51 bytes).
    Removing ffltui.o(.text), (10 bytes).
    Removing dflti.o(.text), (34 bytes).
    Removing ffixui.o(.text), (40 bytes).
    Removing dfixi.o(.text), (62 bytes).
    Removing f2d.o(.text), (38 bytes).
    Removing cdcmple.o(.text), (48 bytes).
    Removing d2f.o(.text), (56 bytes).
    Removing fepilogue.o(.text), (110 bytes).
    Removing dscalb.o(.text), (46 bytes).
    Removing dsqrt.o(.text), (162 bytes).

36 unused section(s) (total 23600 bytes) removed from the image.

==============================================================================

Image Symbol Table

    Local Symbols

    Symbol Name                              Value     Ov Type        Size  Object(Section)

    ../clib/microlib/ctype/ctype.c           0x00000000   Number         0  isupper_o.o ABSOLUTE
    ../clib/microlib/ctype/ctype.c           0x00000000   Number         0  isxdigit_o.o ABSOLUTE
    ../clib/microlib/ctype/ctype.c           0x00000000   Number         0  iscntrl_o.o ABSOLUTE
    ../clib/microlib/ctype/ctype.c           0x00000000   Number         0  isblank_o.o ABSOLUTE
    ../clib/microlib/ctype/ctype.c           0x00000000   Number         0  isalpha_o.o ABSOLUTE
    ../clib/microlib/ctype/ctype.c           0x00000000   Number         0  isalnum_o.o ABSOLUTE
    ../clib/microlib/ctype/ctype.c           0x00000000   Number         0  isdigit_o.o ABSOLUTE
    ../clib/microlib/ctype/ctype.c           0x00000000   Number         0  isgraph_o.o ABSOLUTE
    ../clib/microlib/ctype/ctype.c           0x00000000   Number         0  islower_o.o ABSOLUTE
    ../clib/microlib/ctype/ctype.c           0x00000000   Number         0  isprint_o.o ABSOLUTE
    ../clib/microlib/ctype/ctype.c           0x00000000   Number         0  ispunct_o.o ABSOLUTE
    ../clib/microlib/ctype/ctype.c           0x00000000   Number         0  ctype_o.o ABSOLUTE
    ../clib/microlib/ctype/ctype.c           0x00000000   Number         0  isspace_o.o ABSOLUTE
    ../clib/microlib/ctype/tolower.c         0x00000000   Number         0  tolower.o ABSOLUTE
    ../clib/microlib/division.c              0x00000000   Number         0  uidiv.o ABSOLUTE
    ../clib/microlib/division.c              0x00000000   Number         0  uldiv.o ABSOLUTE
    ../clib/microlib/division.c              0x00000000   Number         0  ldiv.o ABSOLUTE
    ../clib/microlib/errno.c                 0x00000000   Number         0  errno.o ABSOLUTE
    ../clib/microlib/init/entry.s            0x00000000   Number         0  entry10b.o ABSOLUTE
    ../clib/microlib/init/entry.s            0x00000000   Number         0  entry10a.o ABSOLUTE
    ../clib/microlib/init/entry.s            0x00000000   Number         0  entry9b.o ABSOLUTE
    ../clib/microlib/init/entry.s            0x00000000   Number         0  entry9a.o ABSOLUTE
    ../clib/microlib/init/entry.s            0x00000000   Number         0  entry8b.o ABSOLUTE
    ../clib/microlib/init/entry.s            0x00000000   Number         0  entry8a.o ABSOLUTE
    ../clib/microlib/init/entry.s            0x00000000   Number         0  entry7b.o ABSOLUTE
    ../clib/microlib/init/entry.s            0x00000000   Number         0  entry7a.o ABSOLUTE
    ../clib/microlib/init/entry.s            0x00000000   Number         0  entry5.o ABSOLUTE
    ../clib/microlib/init/entry.s            0x00000000   Number         0  entry2.o ABSOLUTE
    ../clib/microlib/init/entry.s            0x00000000   Number         0  entry11a.o ABSOLUTE
    ../clib/microlib/init/entry.s            0x00000000   Number         0  entry11b.o ABSOLUTE
    ../clib/microlib/init/entry.s            0x00000000   Number         0  entry.o ABSOLUTE
    ../clib/microlib/longlong.c              0x00000000   Number         0  llushr.o ABSOLUTE
    ../clib/microlib/longlong.c              0x00000000   Number         0  llsshr.o ABSOLUTE
    ../clib/microlib/longlong.c              0x00000000   Number         0  llshl.o ABSOLUTE
    ../clib/microlib/malloc/malloc.c         0x00000000   Number         0  mallocra.o ABSOLUTE
    ../clib/microlib/malloc/malloc.c         0x00000000   Number         0  malloca.o ABSOLUTE
    ../clib/microlib/malloc/malloc.c         0x00000000   Number         0  mallocr.o ABSOLUTE
    ../clib/microlib/malloc/malloc.c         0x00000000   Number         0  malloc.o ABSOLUTE
    ../clib/microlib/malloc/mvars.c          0x00000000   Number         0  mvars.o ABSOLUTE
    ../clib/microlib/printf/printf.c         0x00000000   Number         0  printf8.o ABSOLUTE
    ../clib/microlib/printf/printf.c         0x00000000   Number         0  printf7.o ABSOLUTE
    ../clib/microlib/printf/printf.c         0x00000000   Number         0  printf6.o ABSOLUTE
    ../clib/microlib/printf/printf.c         0x00000000   Number         0  printf5.o ABSOLUTE
    ../clib/microlib/printf/printf.c         0x00000000   Number         0  printf3.o ABSOLUTE
    ../clib/microlib/printf/printf.c         0x00000000   Number         0  printf2.o ABSOLUTE
    ../clib/microlib/printf/printf.c         0x00000000   Number         0  printf1.o ABSOLUTE
    ../clib/microlib/printf/printf.c         0x00000000   Number         0  printf0.o ABSOLUTE
    ../clib/microlib/printf/printf.c         0x00000000   Number         0  printf4.o ABSOLUTE
    ../clib/microlib/printf/printf.c         0x00000000   Number         0  printfb.o ABSOLUTE
    ../clib/microlib/printf/printf.c         0x00000000   Number         0  printfa.o ABSOLUTE
    ../clib/microlib/printf/stubs.s          0x00000000   Number         0  stubs.o ABSOLUTE
    ../clib/microlib/stdio/streams.c         0x00000000   Number         0  stdout.o ABSOLUTE
    ../clib/microlib/string/memcpy.c         0x00000000   Number         0  memmoveb.o ABSOLUTE
    ../clib/microlib/string/memcpy.c         0x00000000   Number         0  memmovea.o ABSOLUTE
    ../clib/microlib/string/memcpy.c         0x00000000   Number         0  memcpya.o ABSOLUTE
    ../clib/microlib/string/memcpy.c         0x00000000   Number         0  memcpyb.o ABSOLUTE
    ../clib/microlib/string/memset.c         0x00000000   Number         0  memseta.o ABSOLUTE
    ../clib/microlib/string/strchr.c         0x00000000   Number         0  strchr.o ABSOLUTE
    ../clib/microlib/string/strcpy.c         0x00000000   Number         0  strcpy.o ABSOLUTE
    ../clib/microlib/string/strlen.c         0x00000000   Number         0  strlen.o ABSOLUTE
    ../clib/microlib/string/strncmp.c        0x00000000   Number         0  strncmp.o ABSOLUTE
    ../clib/microlib/string/strstr.c         0x00000000   Number         0  strstr.o ABSOLUTE
    ../clib/microlib/stubs.s                 0x00000000   Number         0  iusefp.o ABSOLUTE
    ../clib/microlib/time/asctime.c          0x00000000   Number         0  asctime_s.o ABSOLUTE
    ../clib/microlib/time/gmtime.c           0x00000000   Number         0  gmtime.o ABSOLUTE
    ../clib/microlib/time/localtime.c        0x00000000   Number         0  localtime.o ABSOLUTE
    ../clib/microlib/time/strftime.c         0x00000000   Number         0  strftime.o ABSOLUTE
    ../fplib/microlib/d2f.c                  0x00000000   Number         0  d2f.o ABSOLUTE
    ../fplib/microlib/f2d.c                  0x00000000   Number         0  f2d.o ABSOLUTE
    ../fplib/microlib/fpadd.c                0x00000000   Number         0  dadd.o ABSOLUTE
    ../fplib/microlib/fpdiv.c                0x00000000   Number         0  ddiv.o ABSOLUTE
    ../fplib/microlib/fpepilogue.c           0x00000000   Number         0  depilogue.o ABSOLUTE
    ../fplib/microlib/fpepilogue.c           0x00000000   Number         0  fepilogue.o ABSOLUTE
    ../fplib/microlib/fpfix.c                0x00000000   Number         0  dfixi.o ABSOLUTE
    ../fplib/microlib/fpfix.c                0x00000000   Number         0  dfixul.o ABSOLUTE
    ../fplib/microlib/fpfix.c                0x00000000   Number         0  ffixui.o ABSOLUTE
    ../fplib/microlib/fpflt.c                0x00000000   Number         0  ffltui.o ABSOLUTE
    ../fplib/microlib/fpflt.c                0x00000000   Number         0  dflti.o ABSOLUTE
    ../fplib/microlib/fpmul.c                0x00000000   Number         0  dmul.o ABSOLUTE
    ../fplib/microlib/fpscalb.c              0x00000000   Number         0  dscalb.o ABSOLUTE
    ../fplib/microlib/fpsqrt.c               0x00000000   Number         0  dsqrt.o ABSOLUTE
    ../mathlib/dunder.c                      0x00000000   Number         0  dunder.o ABSOLUTE
    ../mathlib/floor.c                       0x00000000   Number         0  floor.o ABSOLUTE
    ../mathlib/fpclassify.c                  0x00000000   Number         0  fpclassify.o ABSOLUTE
    ../mathlib/poly.c                        0x00000000   Number         0  poly.o ABSOLUTE
    ../mathlib/pow.c                         0x00000000   Number         0  pow.o ABSOLUTE
    ../mathlib/pow.c                         0x00000000   Number         0  pow_x.o ABSOLUTE
    ../mathlib/qnan.c                        0x00000000   Number         0  qnan.o ABSOLUTE
    ../mathlib/sqrt.c                        0x00000000   Number         0  sqrt.o ABSOLUTE
    ../mathlib/sqrt.c                        0x00000000   Number         0  sqrt_x.o ABSOLUTE
    ..\Devices\hal_i2c.c                     0x00000000   Number         0  hal_i2c.o ABSOLUTE
    ..\Devices\sht20.c                       0x00000000   Number         0  sht20.o ABSOLUTE
    ..\Hal\usart1.c                          0x00000000   Number         0  usart1.o ABSOLUTE
    ..\Hal\usart2.c                          0x00000000   Number         0  usart2.o ABSOLUTE
    ..\Libraries\CMSIS\core_cm3.c            0x00000000   Number         0  core_cm3.o ABSOLUTE
    ..\Libraries\CMSIS\startup\startup_stm32f10x_hd.s 0x00000000   Number         0  startup_stm32f10x_hd.o ABSOLUTE
    ..\Libraries\CMSIS\system_stm32f10x.c    0x00000000   Number         0  system_stm32f10x.o ABSOLUTE
    ..\Libraries\FWlib\src\misc.c            0x00000000   Number         0  misc.o ABSOLUTE
    ..\Libraries\FWlib\src\stm32f10x_adc.c   0x00000000   Number         0  stm32f10x_adc.o ABSOLUTE
    ..\Libraries\FWlib\src\stm32f10x_bkp.c   0x00000000   Number         0  stm32f10x_bkp.o ABSOLUTE
    ..\Libraries\FWlib\src\stm32f10x_can.c   0x00000000   Number         0  stm32f10x_can.o ABSOLUTE
    ..\Libraries\FWlib\src\stm32f10x_cec.c   0x00000000   Number         0  stm32f10x_cec.o ABSOLUTE
    ..\Libraries\FWlib\src\stm32f10x_crc.c   0x00000000   Number         0  stm32f10x_crc.o ABSOLUTE
    ..\Libraries\FWlib\src\stm32f10x_dac.c   0x00000000   Number         0  stm32f10x_dac.o ABSOLUTE
    ..\Libraries\FWlib\src\stm32f10x_dbgmcu.c 0x00000000   Number         0  stm32f10x_dbgmcu.o ABSOLUTE
    ..\Libraries\FWlib\src\stm32f10x_dma.c   0x00000000   Number         0  stm32f10x_dma.o ABSOLUTE
    ..\Libraries\FWlib\src\stm32f10x_exti.c  0x00000000   Number         0  stm32f10x_exti.o ABSOLUTE
    ..\Libraries\FWlib\src\stm32f10x_flash.c 0x00000000   Number         0  stm32f10x_flash.o ABSOLUTE
    ..\Libraries\FWlib\src\stm32f10x_fsmc.c  0x00000000   Number         0  stm32f10x_fsmc.o ABSOLUTE
    ..\Libraries\FWlib\src\stm32f10x_gpio.c  0x00000000   Number         0  stm32f10x_gpio.o ABSOLUTE
    ..\Libraries\FWlib\src\stm32f10x_i2c.c   0x00000000   Number         0  stm32f10x_i2c.o ABSOLUTE
    ..\Libraries\FWlib\src\stm32f10x_iwdg.c  0x00000000   Number         0  stm32f10x_iwdg.o ABSOLUTE
    ..\Libraries\FWlib\src\stm32f10x_pwr.c   0x00000000   Number         0  stm32f10x_pwr.o ABSOLUTE
    ..\Libraries\FWlib\src\stm32f10x_rcc.c   0x00000000   Number         0  stm32f10x_rcc.o ABSOLUTE
    ..\Libraries\FWlib\src\stm32f10x_rtc.c   0x00000000   Number         0  stm32f10x_rtc.o ABSOLUTE
    ..\Libraries\FWlib\src\stm32f10x_sdio.c  0x00000000   Number         0  stm32f10x_sdio.o ABSOLUTE
    ..\Libraries\FWlib\src\stm32f10x_spi.c   0x00000000   Number         0  stm32f10x_spi.o ABSOLUTE
    ..\Libraries\FWlib\src\stm32f10x_tim.c   0x00000000   Number         0  stm32f10x_tim.o ABSOLUTE
    ..\Libraries\FWlib\src\stm32f10x_usart.c 0x00000000   Number         0  stm32f10x_usart.o ABSOLUTE
    ..\Libraries\FWlib\src\stm32f10x_wwdg.c  0x00000000   Number         0  stm32f10x_wwdg.o ABSOLUTE
    ..\Network\esp8266\esp8266.c             0x00000000   Number         0  esp8266.o ABSOLUTE
    ..\Protocol\mqtt\mqtt.c                  0x00000000   Number         0  mqtt.o ABSOLUTE
    ..\Protocol\mqtt\mqtt_buffer.c           0x00000000   Number         0  mqtt_buffer.o ABSOLUTE
    ..\Protocol\mqtt\mqtt_loop.c             0x00000000   Number         0  mqtt_loop.o ABSOLUTE
    ..\User\main.c                           0x00000000   Number         0  main.o ABSOLUTE
    ..\User\stm32f10x_it.c                   0x00000000   Number         0  stm32f10x_it.o ABSOLUTE
    ..\Utils\cJSON.c                         0x00000000   Number         0  cjson.o ABSOLUTE
    ..\Utils\utils.c                         0x00000000   Number         0  utils.o ABSOLUTE
    ..\\Libraries\\CMSIS\\core_cm3.c         0x00000000   Number         0  core_cm3.o ABSOLUTE
    cdcmple.s                                0x00000000   Number         0  cdcmple.o ABSOLUTE
    cdrcmple.s                               0x00000000   Number         0  cdrcmple.o ABSOLUTE
    dc.s                                     0x00000000   Number         0  dc.o ABSOLUTE
    handlers.s                               0x00000000   Number         0  handlers.o ABSOLUTE
    init.s                                   0x00000000   Number         0  init.o ABSOLUTE
    RESET                                    0x08000000   Section      304  startup_stm32f10x_hd.o(RESET)
    .ARM.Collect$$$$00000000                 0x08000130   Section        0  entry.o(.ARM.Collect$$$$00000000)
    .ARM.Collect$$$$00000001                 0x08000130   Section        4  entry2.o(.ARM.Collect$$$$00000001)
    .ARM.Collect$$$$00000004                 0x08000134   Section        4  entry5.o(.ARM.Collect$$$$00000004)
    .ARM.Collect$$$$00000008                 0x08000138   Section        0  entry7b.o(.ARM.Collect$$$$00000008)
    .ARM.Collect$$$$0000000A                 0x08000138   Section        0  entry8b.o(.ARM.Collect$$$$0000000A)
    .ARM.Collect$$$$0000000B                 0x08000138   Section        8  entry9a.o(.ARM.Collect$$$$0000000B)
    .ARM.Collect$$$$0000000D                 0x08000140   Section        0  entry10a.o(.ARM.Collect$$$$0000000D)
    .ARM.Collect$$$$0000000F                 0x08000140   Section        0  entry11a.o(.ARM.Collect$$$$0000000F)
    .ARM.Collect$$$$00002712                 0x08000140   Section        4  entry2.o(.ARM.Collect$$$$00002712)
    __lit__00000000                          0x08000140   Data           4  entry2.o(.ARM.Collect$$$$00002712)
    .text                                    0x08000144   Section       36  startup_stm32f10x_hd.o(.text)
    .text                                    0x08000168   Section        0  system_stm32f10x.o(.text)
    SetSysClockTo72                          0x08000169   Thumb Code   214  system_stm32f10x.o(.text)
    SetSysClock                              0x0800023f   Thumb Code     8  system_stm32f10x.o(.text)
    .text                                    0x08000348   Section        0  misc.o(.text)
    .text                                    0x08000424   Section        0  stm32f10x_gpio.o(.text)
    .text                                    0x08000780   Section        0  stm32f10x_i2c.o(.text)
    .text                                    0x08000b84   Section        0  stm32f10x_rcc.o(.text)
    .text                                    0x08000f28   Section        0  stm32f10x_usart.o(.text)
    .text                                    0x08001330   Section        0  main.o(.text)
    .text                                    0x080013a8   Section        0  stm32f10x_it.o(.text)
    .text                                    0x08001408   Section        0  mqtt.o(.text)
    Mqtt_IsLegalUtf8                         0x080015df   Thumb Code   200  mqtt.o(.text)
    Mqtt_CheckUtf8                           0x080016a7   Thumb Code    76  mqtt.o(.text)
    Mqtt_PackPubAckPkt                       0x080018b3   Thumb Code    66  mqtt.o(.text)
    Mqtt_PackPubRecPkt                       0x080018f5   Thumb Code    66  mqtt.o(.text)
    Mqtt_HandlePublish                       0x08001937   Thumb Code   682  mqtt.o(.text)
    Mqtt_PackPubRelPkt                       0x08001c17   Thumb Code    70  mqtt.o(.text)
    Mqtt_PackPubCompPkt                      0x08001ccd   Thumb Code    78  mqtt.o(.text)
    Mqtt_Dispatch                            0x08001e4f   Thumb Code   190  mqtt.o(.text)
    Mqtt_AppendDP                            0x080027c7   Thumb Code   354  mqtt.o(.text)
    Mqtt_AppendDPSubvalue                    0x08002bf3   Thumb Code   236  mqtt.o(.text)
    .text                                    0x08002fec   Section        0  mqtt_buffer.o(.text)
    .text                                    0x0800318c   Section        0  mqtt_loop.o(.text)
    MqttSample_RecvPkt                       0x0800318d   Thumb Code   108  mqtt_loop.o(.text)
    MqttSample_SendPkt                       0x080031f9   Thumb Code   142  mqtt_loop.o(.text)
    MqttSample_HandleConnAck                 0x08003287   Thumb Code    22  mqtt_loop.o(.text)
    MqttSample_HandlePingResp                0x0800329d   Thumb Code    14  mqtt_loop.o(.text)
    MqttSample_HandlePublish                 0x080032ab   Thumb Code    56  mqtt_loop.o(.text)
    MqttSample_HandlePubAck                  0x080032e3   Thumb Code    18  mqtt_loop.o(.text)
    MqttSample_HandlePubRec                  0x080032f5   Thumb Code    24  mqtt_loop.o(.text)
    MqttSample_HandlePubRel                  0x0800330d   Thumb Code    24  mqtt_loop.o(.text)
    MqttSample_HandlePubComp                 0x08003325   Thumb Code    40  mqtt_loop.o(.text)
    MqttSample_HandleSubAck                  0x0800334d   Thumb Code    58  mqtt_loop.o(.text)
    MqttSample_HandleUnsubAck                0x08003387   Thumb Code    18  mqtt_loop.o(.text)
    MqttSample_HandleCmd                     0x08003399   Thumb Code   230  mqtt_loop.o(.text)
    MqttSample_CmdConnect                    0x0800347f   Thumb Code   118  mqtt_loop.o(.text)
    MqttSample_CmdPublishNormal              0x080034f5   Thumb Code  1472  mqtt_loop.o(.text)
    MqttSample_CmdSubscribe                  0x08003ab5   Thumb Code   100  mqtt_loop.o(.text)
    MqttSample_Init                          0x08003b19   Thumb Code   142  mqtt_loop.o(.text)
    .text                                    0x08003e74   Section        0  usart1.o(.text)
    .text                                    0x08003f64   Section        0  usart2.o(.text)
    .text                                    0x080040f0   Section        0  utils.o(.text)
    .text                                    0x080041b0   Section        0  esp8266.o(.text)
    .text                                    0x080042ec   Section        0  hal_i2c.o(.text)
    .text                                    0x0800460c   Section        0  ldiv.o(.text)
    .text                                    0x08004670   Section        0  ctype_o.o(.text)
    .text                                    0x08004678   Section        0  localtime.o(.text)
    .text                                    0x0800470c   Section        0  strftime.o(.text)
    .text                                    0x0800498c   Section        0  memmovea.o(.text)
    .text                                    0x080049cc   Section        0  memseta.o(.text)
    .text                                    0x080049f0   Section        0  strstr.o(.text)
    .text                                    0x08004a14   Section        0  strlen.o(.text)
    .text                                    0x08004a22   Section        0  strcpy.o(.text)
    .text                                    0x08004a34   Section        0  dadd.o(.text)
    .text                                    0x08004b82   Section        0  dmul.o(.text)
    .text                                    0x08004c68   Section       48  cdrcmple.o(.text)
    .text                                    0x08004c98   Section        0  uidiv.o(.text)
    .text                                    0x08004cc4   Section        0  uldiv.o(.text)
    .text                                    0x08004d26   Section        0  llshl.o(.text)
    .text                                    0x08004d44   Section        0  llushr.o(.text)
    .text                                    0x08004d64   Section        0  llsshr.o(.text)
    .text                                    0x08004d88   Section        0  depilogue.o(.text)
    .text                                    0x08004d88   Section        0  iusefp.o(.text)
    .text                                    0x08004e42   Section        0  ddiv.o(.text)
    .text                                    0x08004f20   Section        0  dfixul.o(.text)
    .text                                    0x08004f50   Section       36  init.o(.text)
    i.__0printf                              0x08004f74   Section        0  printfa.o(i.__0printf)
    i.__0snprintf                            0x08004f94   Section        0  printfa.o(i.__0snprintf)
    i.__0sprintf                             0x08004fbc   Section        0  printfa.o(i.__0sprintf)
    i.__scatterload_copy                     0x08004fe4   Section       14  handlers.o(i.__scatterload_copy)
    i.__scatterload_null                     0x08004ff2   Section        2  handlers.o(i.__scatterload_null)
    i.__scatterload_zeroinit                 0x08004ff4   Section       14  handlers.o(i.__scatterload_zeroinit)
    i._fp_digits                             0x08005004   Section        0  printfa.o(i._fp_digits)
    _fp_digits                               0x08005005   Thumb Code   334  printfa.o(i._fp_digits)
    i._printf_core                           0x08005168   Section        0  printfa.o(i._printf_core)
    _printf_core                             0x08005169   Thumb Code  1744  printfa.o(i._printf_core)
    i._printf_post_padding                   0x08005844   Section        0  printfa.o(i._printf_post_padding)
    _printf_post_padding                     0x08005845   Thumb Code    36  printfa.o(i._printf_post_padding)
    i._printf_pre_padding                    0x08005868   Section        0  printfa.o(i._printf_pre_padding)
    _printf_pre_padding                      0x08005869   Thumb Code    46  printfa.o(i._printf_pre_padding)
    i._snputc                                0x08005896   Section        0  printfa.o(i._snputc)
    _snputc                                  0x08005897   Thumb Code    22  printfa.o(i._snputc)
    i._sputc                                 0x080058ac   Section        0  printfa.o(i._sputc)
    _sputc                                   0x080058ad   Thumb Code    10  printfa.o(i._sputc)
    i.free                                   0x080058b8   Section        0  malloc.o(i.free)
    i.malloc                                 0x08005908   Section        0  malloc.o(i.malloc)
    .constdata                               0x08005974   Section      342  mqtt.o(.constdata)
    Mqtt_TrailingBytesForUTF8                0x08005974   Data         256  mqtt.o(.constdata)
    __func__                                 0x08005a74   Data          14  mqtt.o(.constdata)
    __func__                                 0x08005a82   Data          13  mqtt.o(.constdata)
    __func__                                 0x08005a8f   Data          20  mqtt.o(.constdata)
    __func__                                 0x08005aa3   Data          19  mqtt.o(.constdata)
    __func__                                 0x08005ab6   Data          20  mqtt.o(.constdata)
    .constdata                               0x08005aca   Section       23  mqtt_buffer.o(.constdata)
    __func__                                 0x08005aca   Data          23  mqtt_buffer.o(.constdata)
    .constdata                               0x08005ae4   Section      336  mqtt_loop.o(.constdata)
    __func__                                 0x08005ae4   Data          19  mqtt_loop.o(.constdata)
    __func__                                 0x08005af7   Data          25  mqtt_loop.o(.constdata)
    __func__                                 0x08005b10   Data          24  mqtt_loop.o(.constdata)
    __func__                                 0x08005b28   Data          22  mqtt_loop.o(.constdata)
    __func__                                 0x08005b3e   Data          28  mqtt_loop.o(.constdata)
    __func__                                 0x08005c1c   Data          24  mqtt_loop.o(.constdata)
    .constdata                               0x08005c34   Section        8  usart2.o(.constdata)
    __func__                                 0x08005c34   Data           8  usart2.o(.constdata)
    .constdata                               0x08005c3c   Section      512  utils.o(.constdata)
    aucCRCHi                                 0x08005c3c   Data         256  utils.o(.constdata)
    aucCRCLo                                 0x08005d3c   Data         256  utils.o(.constdata)
    .constdata                               0x08005e3c   Section       59  hal_i2c.o(.constdata)
    __func__                                 0x08005e3c   Data          23  hal_i2c.o(.constdata)
    __func__                                 0x08005e53   Data          13  hal_i2c.o(.constdata)
    __func__                                 0x08005e60   Data          23  hal_i2c.o(.constdata)
    .constdata                               0x08005e77   Section      129  ctype_o.o(.constdata)
    .constdata                               0x08005ef8   Section        4  ctype_o.o(.constdata)
    table                                    0x08005ef8   Data           4  ctype_o.o(.constdata)
    .constdata                               0x08005efc   Section       12  localtime.o(.constdata)
    monlen                                   0x08005efc   Data          12  localtime.o(.constdata)
    .constdata                               0x08005f08   Section       86  strftime.o(.constdata)
    .conststring                             0x08005f60   Section      203  mqtt_loop.o(.conststring)
    .conststring                             0x0800602c   Section       96  hal_i2c.o(.conststring)
    .data                                    0x20000000   Section       20  system_stm32f10x.o(.data)
    .data                                    0x20000014   Section       20  stm32f10x_rcc.o(.data)
    APBAHBPrescTable                         0x20000014   Data          16  stm32f10x_rcc.o(.data)
    ADCPrescTable                            0x20000024   Data           4  stm32f10x_rcc.o(.data)
    .data                                    0x20000028   Section       16  mqtt_loop.o(.data)
    count                                    0x20000030   Data           1  mqtt_loop.o(.data)
    timeout_count                            0x20000034   Data           4  mqtt_loop.o(.data)
    .data                                    0x20000038   Section        4  usart2.o(.data)
    .data                                    0x2000003c   Section        4  stdout.o(.data)
    .data                                    0x20000040   Section        4  mvars.o(.data)
    .data                                    0x20000044   Section        4  mvars.o(.data)
    .bss                                     0x20000048   Section      432  mqtt_loop.o(.bss)
    .bss                                     0x200001f8   Section      256  usart2.o(.bss)
    .bss                                     0x200002f8   Section       44  localtime.o(.bss)
    _tms                                     0x200002f8   Data          44  localtime.o(.bss)
    HEAP                                     0x20000328   Section      512  startup_stm32f10x_hd.o(HEAP)
    STACK                                    0x20000528   Section     1024  startup_stm32f10x_hd.o(STACK)

    Global Symbols

    Symbol Name                              Value     Ov Type        Size  Object(Section)

    BuildAttributes$$THM_ISAv4$P$D$K$B$S$PE$A:L22UL41UL21$X:L11$S22US41US21$IEEE1$IW$USESV6$~STKCKD$USESV7$~SHL$OTIME$ROPI$IEEEX$EBA8$MICROLIB$REQ8$PRES8$EABIv2 0x00000000   Number         0  anon$$obj.o ABSOLUTE
    __ARM_use_no_argv                        0x00000000   Number         0  main.o ABSOLUTE
    _printf_a                                0x00000000   Number         0  stubs.o ABSOLUTE
    _printf_c                                0x00000000   Number         0  stubs.o ABSOLUTE
    _printf_charcount                        0x00000000   Number         0  stubs.o ABSOLUTE
    _printf_d                                0x00000000   Number         0  stubs.o ABSOLUTE
    _printf_e                                0x00000000   Number         0  stubs.o ABSOLUTE
    _printf_f                                0x00000000   Number         0  stubs.o ABSOLUTE
    _printf_flags                            0x00000000   Number         0  stubs.o ABSOLUTE
    _printf_fp_dec                           0x00000000   Number         0  stubs.o ABSOLUTE
    _printf_fp_hex                           0x00000000   Number         0  stubs.o ABSOLUTE
    _printf_g                                0x00000000   Number         0  stubs.o ABSOLUTE
    _printf_i                                0x00000000   Number         0  stubs.o ABSOLUTE
    _printf_int_dec                          0x00000000   Number         0  stubs.o ABSOLUTE
    _printf_l                                0x00000000   Number         0  stubs.o ABSOLUTE
    _printf_lc                               0x00000000   Number         0  stubs.o ABSOLUTE
    _printf_ll                               0x00000000   Number         0  stubs.o ABSOLUTE
    _printf_lld                              0x00000000   Number         0  stubs.o ABSOLUTE
    _printf_lli                              0x00000000   Number         0  stubs.o ABSOLUTE
    _printf_llo                              0x00000000   Number         0  stubs.o ABSOLUTE
    _printf_llu                              0x00000000   Number         0  stubs.o ABSOLUTE
    _printf_llx                              0x00000000   Number         0  stubs.o ABSOLUTE
    _printf_longlong_dec                     0x00000000   Number         0  stubs.o ABSOLUTE
    _printf_longlong_hex                     0x00000000   Number         0  stubs.o ABSOLUTE
    _printf_longlong_oct                     0x00000000   Number         0  stubs.o ABSOLUTE
    _printf_ls                               0x00000000   Number         0  stubs.o ABSOLUTE
    _printf_mbtowc                           0x00000000   Number         0  stubs.o ABSOLUTE
    _printf_n                                0x00000000   Number         0  stubs.o ABSOLUTE
    _printf_o                                0x00000000   Number         0  stubs.o ABSOLUTE
    _printf_p                                0x00000000   Number         0  stubs.o ABSOLUTE
    _printf_percent                          0x00000000   Number         0  stubs.o ABSOLUTE
    _printf_pre_padding                      0x00000000   Number         0  stubs.o ABSOLUTE
    _printf_return_value                     0x00000000   Number         0  stubs.o ABSOLUTE
    _printf_s                                0x00000000   Number         0  stubs.o ABSOLUTE
    _printf_sizespec                         0x00000000   Number         0  stubs.o ABSOLUTE
    _printf_str                              0x00000000   Number         0  stubs.o ABSOLUTE
    _printf_truncate_signed                  0x00000000   Number         0  stubs.o ABSOLUTE
    _printf_truncate_unsigned                0x00000000   Number         0  stubs.o ABSOLUTE
    _printf_u                                0x00000000   Number         0  stubs.o ABSOLUTE
    _printf_wc                               0x00000000   Number         0  stubs.o ABSOLUTE
    _printf_wctomb                           0x00000000   Number         0  stubs.o ABSOLUTE
    _printf_widthprec                        0x00000000   Number         0  stubs.o ABSOLUTE
    _printf_x                                0x00000000   Number         0  stubs.o ABSOLUTE
    __cpp_initialize__aeabi_                  - Undefined Weak Reference
    __cxa_finalize                            - Undefined Weak Reference
    __decompress                              - Undefined Weak Reference
    _clock_init                               - Undefined Weak Reference
    _microlib_exit                            - Undefined Weak Reference
    __Vectors_Size                           0x00000130   Number         0  startup_stm32f10x_hd.o ABSOLUTE
    __Vectors                                0x08000000   Data           4  startup_stm32f10x_hd.o(RESET)
    __Vectors_End                            0x08000130   Data           0  startup_stm32f10x_hd.o(RESET)
    __main                                   0x08000131   Thumb Code     0  entry.o(.ARM.Collect$$$$00000000)
    _main_stk                                0x08000131   Thumb Code     0  entry2.o(.ARM.Collect$$$$00000001)
    _main_scatterload                        0x08000135   Thumb Code     0  entry5.o(.ARM.Collect$$$$00000004)
    __main_after_scatterload                 0x08000139   Thumb Code     0  entry5.o(.ARM.Collect$$$$00000004)
    _main_clock                              0x08000139   Thumb Code     0  entry7b.o(.ARM.Collect$$$$00000008)
    _main_cpp_init                           0x08000139   Thumb Code     0  entry8b.o(.ARM.Collect$$$$0000000A)
    _main_init                               0x08000139   Thumb Code     0  entry9a.o(.ARM.Collect$$$$0000000B)
    __rt_final_cpp                           0x08000141   Thumb Code     0  entry10a.o(.ARM.Collect$$$$0000000D)
    __rt_final_exit                          0x08000141   Thumb Code     0  entry11a.o(.ARM.Collect$$$$0000000F)
    Reset_Handler                            0x08000145   Thumb Code     8  startup_stm32f10x_hd.o(.text)
    ADC1_2_IRQHandler                        0x0800015f   Thumb Code     0  startup_stm32f10x_hd.o(.text)
    ADC3_IRQHandler                          0x0800015f   Thumb Code     0  startup_stm32f10x_hd.o(.text)
    CAN1_RX1_IRQHandler                      0x0800015f   Thumb Code     0  startup_stm32f10x_hd.o(.text)
    CAN1_SCE_IRQHandler                      0x0800015f   Thumb Code     0  startup_stm32f10x_hd.o(.text)
    DMA1_Channel1_IRQHandler                 0x0800015f   Thumb Code     0  startup_stm32f10x_hd.o(.text)
    DMA1_Channel2_IRQHandler                 0x0800015f   Thumb Code     0  startup_stm32f10x_hd.o(.text)
    DMA1_Channel3_IRQHandler                 0x0800015f   Thumb Code     0  startup_stm32f10x_hd.o(.text)
    DMA1_Channel4_IRQHandler                 0x0800015f   Thumb Code     0  startup_stm32f10x_hd.o(.text)
    DMA1_Channel5_IRQHandler                 0x0800015f   Thumb Code     0  startup_stm32f10x_hd.o(.text)
    DMA1_Channel6_IRQHandler                 0x0800015f   Thumb Code     0  startup_stm32f10x_hd.o(.text)
    DMA1_Channel7_IRQHandler                 0x0800015f   Thumb Code     0  startup_stm32f10x_hd.o(.text)
    DMA2_Channel1_IRQHandler                 0x0800015f   Thumb Code     0  startup_stm32f10x_hd.o(.text)
    DMA2_Channel2_IRQHandler                 0x0800015f   Thumb Code     0  startup_stm32f10x_hd.o(.text)
    DMA2_Channel3_IRQHandler                 0x0800015f   Thumb Code     0  startup_stm32f10x_hd.o(.text)
    DMA2_Channel4_5_IRQHandler               0x0800015f   Thumb Code     0  startup_stm32f10x_hd.o(.text)
    EXTI15_10_IRQHandler                     0x0800015f   Thumb Code     0  startup_stm32f10x_hd.o(.text)
    EXTI1_IRQHandler                         0x0800015f   Thumb Code     0  startup_stm32f10x_hd.o(.text)
    EXTI2_IRQHandler                         0x0800015f   Thumb Code     0  startup_stm32f10x_hd.o(.text)
    EXTI3_IRQHandler                         0x0800015f   Thumb Code     0  startup_stm32f10x_hd.o(.text)
    EXTI4_IRQHandler                         0x0800015f   Thumb Code     0  startup_stm32f10x_hd.o(.text)
    EXTI9_5_IRQHandler                       0x0800015f   Thumb Code     0  startup_stm32f10x_hd.o(.text)
    FLASH_IRQHandler                         0x0800015f   Thumb Code     0  startup_stm32f10x_hd.o(.text)
    FSMC_IRQHandler                          0x0800015f   Thumb Code     0  startup_stm32f10x_hd.o(.text)
    I2C1_ER_IRQHandler                       0x0800015f   Thumb Code     0  startup_stm32f10x_hd.o(.text)
    I2C1_EV_IRQHandler                       0x0800015f   Thumb Code     0  startup_stm32f10x_hd.o(.text)
    I2C2_ER_IRQHandler                       0x0800015f   Thumb Code     0  startup_stm32f10x_hd.o(.text)
    I2C2_EV_IRQHandler                       0x0800015f   Thumb Code     0  startup_stm32f10x_hd.o(.text)
    PVD_IRQHandler                           0x0800015f   Thumb Code     0  startup_stm32f10x_hd.o(.text)
    RCC_IRQHandler                           0x0800015f   Thumb Code     0  startup_stm32f10x_hd.o(.text)
    RTCAlarm_IRQHandler                      0x0800015f   Thumb Code     0  startup_stm32f10x_hd.o(.text)
    SDIO_IRQHandler                          0x0800015f   Thumb Code     0  startup_stm32f10x_hd.o(.text)
    SPI1_IRQHandler                          0x0800015f   Thumb Code     0  startup_stm32f10x_hd.o(.text)
    SPI2_IRQHandler                          0x0800015f   Thumb Code     0  startup_stm32f10x_hd.o(.text)
    SPI3_IRQHandler                          0x0800015f   Thumb Code     0  startup_stm32f10x_hd.o(.text)
    TAMPER_IRQHandler                        0x0800015f   Thumb Code     0  startup_stm32f10x_hd.o(.text)
    TIM1_BRK_IRQHandler                      0x0800015f   Thumb Code     0  startup_stm32f10x_hd.o(.text)
    TIM1_CC_IRQHandler                       0x0800015f   Thumb Code     0  startup_stm32f10x_hd.o(.text)
    TIM1_TRG_COM_IRQHandler                  0x0800015f   Thumb Code     0  startup_stm32f10x_hd.o(.text)
    TIM1_UP_IRQHandler                       0x0800015f   Thumb Code     0  startup_stm32f10x_hd.o(.text)
    TIM2_IRQHandler                          0x0800015f   Thumb Code     0  startup_stm32f10x_hd.o(.text)
    TIM3_IRQHandler                          0x0800015f   Thumb Code     0  startup_stm32f10x_hd.o(.text)
    TIM4_IRQHandler                          0x0800015f   Thumb Code     0  startup_stm32f10x_hd.o(.text)
    TIM5_IRQHandler                          0x0800015f   Thumb Code     0  startup_stm32f10x_hd.o(.text)
    TIM6_IRQHandler                          0x0800015f   Thumb Code     0  startup_stm32f10x_hd.o(.text)
    TIM7_IRQHandler                          0x0800015f   Thumb Code     0  startup_stm32f10x_hd.o(.text)
    TIM8_BRK_IRQHandler                      0x0800015f   Thumb Code     0  startup_stm32f10x_hd.o(.text)
    TIM8_CC_IRQHandler                       0x0800015f   Thumb Code     0  startup_stm32f10x_hd.o(.text)
    TIM8_TRG_COM_IRQHandler                  0x0800015f   Thumb Code     0  startup_stm32f10x_hd.o(.text)
    TIM8_UP_IRQHandler                       0x0800015f   Thumb Code     0  startup_stm32f10x_hd.o(.text)
    UART4_IRQHandler                         0x0800015f   Thumb Code     0  startup_stm32f10x_hd.o(.text)
    UART5_IRQHandler                         0x0800015f   Thumb Code     0  startup_stm32f10x_hd.o(.text)
    USART3_IRQHandler                        0x0800015f   Thumb Code     0  startup_stm32f10x_hd.o(.text)
    USBWakeUp_IRQHandler                     0x0800015f   Thumb Code     0  startup_stm32f10x_hd.o(.text)
    USB_HP_CAN1_TX_IRQHandler                0x0800015f   Thumb Code     0  startup_stm32f10x_hd.o(.text)
    USB_LP_CAN1_RX0_IRQHandler               0x0800015f   Thumb Code     0  startup_stm32f10x_hd.o(.text)
    WWDG_IRQHandler                          0x0800015f   Thumb Code     0  startup_stm32f10x_hd.o(.text)
    SystemInit                               0x08000247   Thumb Code    78  system_stm32f10x.o(.text)
    SystemCoreClockUpdate                    0x08000295   Thumb Code   142  system_stm32f10x.o(.text)
    NVIC_PriorityGroupConfig                 0x08000349   Thumb Code    10  misc.o(.text)
    NVIC_Init                                0x08000353   Thumb Code   100  misc.o(.text)
    NVIC_SetVectorTable                      0x080003b7   Thumb Code    14  misc.o(.text)
    NVIC_SystemLPConfig                      0x080003c5   Thumb Code    34  misc.o(.text)
    SysTick_CLKSourceConfig                  0x080003e7   Thumb Code    40  misc.o(.text)
    GPIO_DeInit                              0x08000425   Thumb Code   172  stm32f10x_gpio.o(.text)
    GPIO_AFIODeInit                          0x080004d1   Thumb Code    20  stm32f10x_gpio.o(.text)
    GPIO_Init                                0x080004e5   Thumb Code   278  stm32f10x_gpio.o(.text)
    GPIO_StructInit                          0x080005fb   Thumb Code    16  stm32f10x_gpio.o(.text)
    GPIO_ReadInputDataBit                    0x0800060b   Thumb Code    18  stm32f10x_gpio.o(.text)
    GPIO_ReadInputData                       0x0800061d   Thumb Code     8  stm32f10x_gpio.o(.text)
    GPIO_ReadOutputDataBit                   0x08000625   Thumb Code    18  stm32f10x_gpio.o(.text)
    GPIO_ReadOutputData                      0x08000637   Thumb Code     8  stm32f10x_gpio.o(.text)
    GPIO_SetBits                             0x0800063f   Thumb Code     4  stm32f10x_gpio.o(.text)
    GPIO_ResetBits                           0x08000643   Thumb Code     4  stm32f10x_gpio.o(.text)
    GPIO_WriteBit                            0x08000647   Thumb Code    10  stm32f10x_gpio.o(.text)
    GPIO_Write                               0x08000651   Thumb Code     4  stm32f10x_gpio.o(.text)
    GPIO_PinLockConfig                       0x08000655   Thumb Code    18  stm32f10x_gpio.o(.text)
    GPIO_EventOutputConfig                   0x08000667   Thumb Code    26  stm32f10x_gpio.o(.text)
    GPIO_EventOutputCmd                      0x08000681   Thumb Code     6  stm32f10x_gpio.o(.text)
    GPIO_PinRemapConfig                      0x08000687   Thumb Code   138  stm32f10x_gpio.o(.text)
    GPIO_EXTILineConfig                      0x08000711   Thumb Code    66  stm32f10x_gpio.o(.text)
    GPIO_ETH_MediaInterfaceConfig            0x08000753   Thumb Code     8  stm32f10x_gpio.o(.text)
    I2C_DeInit                               0x08000781   Thumb Code    50  stm32f10x_i2c.o(.text)
    I2C_Init                                 0x080007b3   Thumb Code   222  stm32f10x_i2c.o(.text)
    I2C_StructInit                           0x08000891   Thumb Code    30  stm32f10x_i2c.o(.text)
    I2C_Cmd                                  0x080008af   Thumb Code    24  stm32f10x_i2c.o(.text)
    I2C_DMACmd                               0x080008c7   Thumb Code    24  stm32f10x_i2c.o(.text)
    I2C_DMALastTransferCmd                   0x080008df   Thumb Code    24  stm32f10x_i2c.o(.text)
    I2C_GenerateSTART                        0x080008f7   Thumb Code    24  stm32f10x_i2c.o(.text)
    I2C_GenerateSTOP                         0x0800090f   Thumb Code    24  stm32f10x_i2c.o(.text)
    I2C_AcknowledgeConfig                    0x08000927   Thumb Code    24  stm32f10x_i2c.o(.text)
    I2C_OwnAddress2Config                    0x0800093f   Thumb Code    22  stm32f10x_i2c.o(.text)
    I2C_DualAddressCmd                       0x08000955   Thumb Code    24  stm32f10x_i2c.o(.text)
    I2C_GeneralCallCmd                       0x0800096d   Thumb Code    24  stm32f10x_i2c.o(.text)
    I2C_ITConfig                             0x08000985   Thumb Code    18  stm32f10x_i2c.o(.text)
    I2C_SendData                             0x08000997   Thumb Code     4  stm32f10x_i2c.o(.text)
    I2C_ReceiveData                          0x0800099b   Thumb Code     8  stm32f10x_i2c.o(.text)
    I2C_Send7bitAddress                      0x080009a3   Thumb Code    18  stm32f10x_i2c.o(.text)
    I2C_ReadRegister                         0x080009b5   Thumb Code    22  stm32f10x_i2c.o(.text)
    I2C_SoftwareResetCmd                     0x080009cb   Thumb Code    22  stm32f10x_i2c.o(.text)
    I2C_NACKPositionConfig                   0x080009e1   Thumb Code    28  stm32f10x_i2c.o(.text)
    I2C_SMBusAlertConfig                     0x080009fd   Thumb Code    28  stm32f10x_i2c.o(.text)
    I2C_TransmitPEC                          0x08000a19   Thumb Code    24  stm32f10x_i2c.o(.text)
    I2C_PECPositionConfig                    0x08000a31   Thumb Code    28  stm32f10x_i2c.o(.text)
    I2C_CalculatePEC                         0x08000a4d   Thumb Code    24  stm32f10x_i2c.o(.text)
    I2C_GetPEC                               0x08000a65   Thumb Code     8  stm32f10x_i2c.o(.text)
    I2C_ARPCmd                               0x08000a6d   Thumb Code    24  stm32f10x_i2c.o(.text)
    I2C_StretchClockCmd                      0x08000a85   Thumb Code    24  stm32f10x_i2c.o(.text)
    I2C_FastModeDutyCycleConfig              0x08000a9d   Thumb Code    28  stm32f10x_i2c.o(.text)
    I2C_CheckEvent                           0x08000ab9   Thumb Code    42  stm32f10x_i2c.o(.text)
    I2C_GetLastEvent                         0x08000ae3   Thumb Code    26  stm32f10x_i2c.o(.text)
    I2C_GetFlagStatus                        0x08000afd   Thumb Code    58  stm32f10x_i2c.o(.text)
    I2C_ClearFlag                            0x08000b37   Thumb Code    12  stm32f10x_i2c.o(.text)
    I2C_GetITStatus                          0x08000b43   Thumb Code    54  stm32f10x_i2c.o(.text)
    I2C_ClearITPendingBit                    0x08000b79   Thumb Code    12  stm32f10x_i2c.o(.text)
    RCC_DeInit                               0x08000b85   Thumb Code    64  stm32f10x_rcc.o(.text)
    RCC_HSEConfig                            0x08000bc5   Thumb Code    70  stm32f10x_rcc.o(.text)
    RCC_GetFlagStatus                        0x08000c0b   Thumb Code    56  stm32f10x_rcc.o(.text)
    RCC_WaitForHSEStartUp                    0x08000c43   Thumb Code    56  stm32f10x_rcc.o(.text)
    RCC_AdjustHSICalibrationValue            0x08000c7b   Thumb Code    20  stm32f10x_rcc.o(.text)
    RCC_HSICmd                               0x08000c8f   Thumb Code     6  stm32f10x_rcc.o(.text)
    RCC_PLLConfig                            0x08000c95   Thumb Code    24  stm32f10x_rcc.o(.text)
    RCC_PLLCmd                               0x08000cad   Thumb Code     6  stm32f10x_rcc.o(.text)
    RCC_SYSCLKConfig                         0x08000cb3   Thumb Code    18  stm32f10x_rcc.o(.text)
    RCC_GetSYSCLKSource                      0x08000cc5   Thumb Code    10  stm32f10x_rcc.o(.text)
    RCC_HCLKConfig                           0x08000ccf   Thumb Code    18  stm32f10x_rcc.o(.text)
    RCC_PCLK1Config                          0x08000ce1   Thumb Code    18  stm32f10x_rcc.o(.text)
    RCC_PCLK2Config                          0x08000cf3   Thumb Code    20  stm32f10x_rcc.o(.text)
    RCC_ITConfig                             0x08000d07   Thumb Code    26  stm32f10x_rcc.o(.text)
    RCC_USBCLKConfig                         0x08000d21   Thumb Code     8  stm32f10x_rcc.o(.text)
    RCC_ADCCLKConfig                         0x08000d29   Thumb Code    18  stm32f10x_rcc.o(.text)
    RCC_LSEConfig                            0x08000d3b   Thumb Code    50  stm32f10x_rcc.o(.text)
    RCC_LSICmd                               0x08000d6d   Thumb Code     6  stm32f10x_rcc.o(.text)
    RCC_RTCCLKConfig                         0x08000d73   Thumb Code    12  stm32f10x_rcc.o(.text)
    RCC_RTCCLKCmd                            0x08000d7f   Thumb Code     8  stm32f10x_rcc.o(.text)
    RCC_GetClocksFreq                        0x08000d87   Thumb Code   192  stm32f10x_rcc.o(.text)
    RCC_AHBPeriphClockCmd                    0x08000e47   Thumb Code    26  stm32f10x_rcc.o(.text)
    RCC_APB2PeriphClockCmd                   0x08000e61   Thumb Code    26  stm32f10x_rcc.o(.text)
    RCC_APB1PeriphClockCmd                   0x08000e7b   Thumb Code    26  stm32f10x_rcc.o(.text)
    RCC_APB2PeriphResetCmd                   0x08000e95   Thumb Code    26  stm32f10x_rcc.o(.text)
    RCC_APB1PeriphResetCmd                   0x08000eaf   Thumb Code    26  stm32f10x_rcc.o(.text)
    RCC_BackupResetCmd                       0x08000ec9   Thumb Code     8  stm32f10x_rcc.o(.text)
    RCC_ClockSecuritySystemCmd               0x08000ed1   Thumb Code     6  stm32f10x_rcc.o(.text)
    RCC_MCOConfig                            0x08000ed7   Thumb Code     6  stm32f10x_rcc.o(.text)
    RCC_ClearFlag                            0x08000edd   Thumb Code    14  stm32f10x_rcc.o(.text)
    RCC_GetITStatus                          0x08000eeb   Thumb Code    20  stm32f10x_rcc.o(.text)
    RCC_ClearITPendingBit                    0x08000eff   Thumb Code     6  stm32f10x_rcc.o(.text)
    USART_DeInit                             0x08000f29   Thumb Code   134  stm32f10x_usart.o(.text)
    USART_Init                               0x08000faf   Thumb Code   210  stm32f10x_usart.o(.text)
    USART_StructInit                         0x08001081   Thumb Code    24  stm32f10x_usart.o(.text)
    USART_ClockInit                          0x08001099   Thumb Code    34  stm32f10x_usart.o(.text)
    USART_ClockStructInit                    0x080010bb   Thumb Code    12  stm32f10x_usart.o(.text)
    USART_Cmd                                0x080010c7   Thumb Code    24  stm32f10x_usart.o(.text)
    USART_ITConfig                           0x080010df   Thumb Code    74  stm32f10x_usart.o(.text)
    USART_DMACmd                             0x08001129   Thumb Code    18  stm32f10x_usart.o(.text)
    USART_SetAddress                         0x0800113b   Thumb Code    18  stm32f10x_usart.o(.text)
    USART_WakeUpConfig                       0x0800114d   Thumb Code    18  stm32f10x_usart.o(.text)
    USART_ReceiverWakeUpCmd                  0x0800115f   Thumb Code    24  stm32f10x_usart.o(.text)
    USART_LINBreakDetectLengthConfig         0x08001177   Thumb Code    18  stm32f10x_usart.o(.text)
    USART_LINCmd                             0x08001189   Thumb Code    24  stm32f10x_usart.o(.text)
    USART_SendData                           0x080011a1   Thumb Code     8  stm32f10x_usart.o(.text)
    USART_ReceiveData                        0x080011a9   Thumb Code    10  stm32f10x_usart.o(.text)
    USART_SendBreak                          0x080011b3   Thumb Code    10  stm32f10x_usart.o(.text)
    USART_SetGuardTime                       0x080011bd   Thumb Code    16  stm32f10x_usart.o(.text)
    USART_SetPrescaler                       0x080011cd   Thumb Code    16  stm32f10x_usart.o(.text)
    USART_SmartCardCmd                       0x080011dd   Thumb Code    24  stm32f10x_usart.o(.text)
    USART_SmartCardNACKCmd                   0x080011f5   Thumb Code    24  stm32f10x_usart.o(.text)
    USART_HalfDuplexCmd                      0x0800120d   Thumb Code    24  stm32f10x_usart.o(.text)
    USART_OverSampling8Cmd                   0x08001225   Thumb Code    22  stm32f10x_usart.o(.text)
    USART_OneBitMethodCmd                    0x0800123b   Thumb Code    24  stm32f10x_usart.o(.text)
    USART_IrDAConfig                         0x08001253   Thumb Code    18  stm32f10x_usart.o(.text)
    USART_IrDACmd                            0x08001265   Thumb Code    24  stm32f10x_usart.o(.text)
    USART_GetFlagStatus                      0x0800127d   Thumb Code    26  stm32f10x_usart.o(.text)
    USART_ClearFlag                          0x08001297   Thumb Code    18  stm32f10x_usart.o(.text)
    USART_GetITStatus                        0x080012a9   Thumb Code    84  stm32f10x_usart.o(.text)
    USART_ClearITPendingBit                  0x080012fd   Thumb Code    52  stm32f10x_usart.o(.text)
    main                                     0x08001331   Thumb Code    38  main.o(.text)
    NMI_Handler                              0x080013a9   Thumb Code     2  stm32f10x_it.o(.text)
    HardFault_Handler                        0x080013ab   Thumb Code     4  stm32f10x_it.o(.text)
    MemManage_Handler                        0x080013af   Thumb Code     4  stm32f10x_it.o(.text)
    BusFault_Handler                         0x080013b3   Thumb Code     4  stm32f10x_it.o(.text)
    UsageFault_Handler                       0x080013b7   Thumb Code     4  stm32f10x_it.o(.text)
    SVC_Handler                              0x080013bb   Thumb Code     2  stm32f10x_it.o(.text)
    DebugMon_Handler                         0x080013bd   Thumb Code     2  stm32f10x_it.o(.text)
    PendSV_Handler                           0x080013bf   Thumb Code     2  stm32f10x_it.o(.text)
    SysTick_Handler                          0x080013c1   Thumb Code     2  stm32f10x_it.o(.text)
    EXTI0_IRQHandler                         0x080013c3   Thumb Code     2  stm32f10x_it.o(.text)
    USART1_IRQHandler                        0x080013c5   Thumb Code     2  stm32f10x_it.o(.text)
    USART2_IRQHandler                        0x080013c7   Thumb Code    52  stm32f10x_it.o(.text)
    RTC_IRQHandler                           0x080013fb   Thumb Code     2  stm32f10x_it.o(.text)
    Mqtt_RB16                                0x08001409   Thumb Code    14  mqtt.o(.text)
    Mqtt_RB64                                0x08001417   Thumb Code    96  mqtt.o(.text)
    Mqtt_WB16                                0x08001477   Thumb Code    10  mqtt.o(.text)
    Mqtt_WB32                                0x08001481   Thumb Code    18  mqtt.o(.text)
    Mqtt_ReadLength                          0x08001493   Thumb Code    70  mqtt.o(.text)
    Mqtt_DumpLength                          0x080014d9   Thumb Code    44  mqtt.o(.text)
    Mqtt_AppendLength                        0x08001505   Thumb Code    66  mqtt.o(.text)
    Mqtt_EraseLength                         0x08001547   Thumb Code    72  mqtt.o(.text)
    Mqtt_PktWriteString                      0x0800158f   Thumb Code    38  mqtt.o(.text)
    Mqtt_CheckClentIdentifier                0x080015b5   Thumb Code    42  mqtt.o(.text)
    Mqtt_GetDataPointPktInfo                 0x080016f3   Thumb Code    86  mqtt.o(.text)
    Mqtt_HasIllegalCharacter                 0x08001749   Thumb Code     6  mqtt.o(.text)
    Mqtt_FormatTime                          0x0800174f   Thumb Code    90  mqtt.o(.text)
    Mqtt_HandlePingResp                      0x080017a9   Thumb Code    32  mqtt.o(.text)
    Mqtt_HandleConnAck                       0x080017c9   Thumb Code    70  mqtt.o(.text)
    Mqtt_SendPkt                             0x0800180f   Thumb Code   164  mqtt.o(.text)
    Mqtt_HandlePubAck                        0x08001be1   Thumb Code    54  mqtt.o(.text)
    Mqtt_HandlePubRec                        0x08001c5d   Thumb Code   112  mqtt.o(.text)
    Mqtt_HandlePubRel                        0x08001d1b   Thumb Code   114  mqtt.o(.text)
    Mqtt_HandlePubComp                       0x08001d8d   Thumb Code    54  mqtt.o(.text)
    Mqtt_HandleSubAck                        0x08001dc3   Thumb Code    86  mqtt.o(.text)
    Mqtt_HandleUnsubAck                      0x08001e19   Thumb Code    54  mqtt.o(.text)
    Mqtt_InitContext                         0x08001f0d   Thumb Code    46  mqtt.o(.text)
    Mqtt_DestroyContext                      0x08001f3b   Thumb Code    20  mqtt.o(.text)
    Mqtt_RecvPkt                             0x08001f4f   Thumb Code   120  mqtt.o(.text)
    Mqtt_PackConnectPkt                      0x08001fc7   Thumb Code   548  mqtt.o(.text)
    Mqtt_PackPublishPkt                      0x080021eb   Thumb Code   300  mqtt.o(.text)
    Mqtt_SetPktDup                           0x08002317   Thumb Code    46  mqtt.o(.text)
    Mqtt_PackSubscribePkt                    0x08002345   Thumb Code   240  mqtt.o(.text)
    Mqtt_AppendSubscribeTopic                0x08002435   Thumb Code   156  mqtt.o(.text)
    Mqtt_PackUnsubscribePkt                  0x080024d1   Thumb Code   176  mqtt.o(.text)
    Mqtt_AppendUnsubscribeTopic              0x08002581   Thumb Code   148  mqtt.o(.text)
    Mqtt_PackPingReqPkt                      0x08002615   Thumb Code    46  mqtt.o(.text)
    Mqtt_PackDisconnectPkt                   0x08002643   Thumb Code    46  mqtt.o(.text)
    Mqtt_PackCmdRetPkt                       0x08002671   Thumb Code   106  mqtt.o(.text)
    Mqtt_PackDataPointStart                  0x080026db   Thumb Code   172  mqtt.o(.text)
    Mqtt_PackDataPointStartNormal            0x08002787   Thumb Code    64  mqtt.o(.text)
    Mqtt_AppendDPNull                        0x08002929   Thumb Code    28  mqtt.o(.text)
    Mqtt_AppendDPInt                         0x08002945   Thumb Code    60  mqtt.o(.text)
    Mqtt_AppendDPDouble                      0x08002981   Thumb Code    64  mqtt.o(.text)
    Mqtt_AppendDPString                      0x080029c1   Thumb Code    86  mqtt.o(.text)
    Mqtt_AppendDPStartSubobject              0x08002a17   Thumb Code   172  mqtt.o(.text)
    Mqtt_AppendDPStartObject                 0x08002ac3   Thumb Code   130  mqtt.o(.text)
    Mqtt_AppendDPFinishSubobject             0x08002b45   Thumb Code   148  mqtt.o(.text)
    Mqtt_AppendDPFinishObject                0x08002bd9   Thumb Code    26  mqtt.o(.text)
    Mqtt_AppendDPSubvalueInt                 0x08002cdf   Thumb Code    48  mqtt.o(.text)
    Mqtt_AppendDPSubvalueDouble              0x08002d0f   Thumb Code    56  mqtt.o(.text)
    Mqtt_AppendDPSubvalueString              0x08002d47   Thumb Code    72  mqtt.o(.text)
    Mqtt_PackDataPointFinish                 0x08002d8f   Thumb Code   140  mqtt.o(.text)
    Mqtt_PackDataPointByBinary               0x08002e1b   Thumb Code   436  mqtt.o(.text)
    MqttBuffer_Init                          0x08002fed   Thumb Code    20  mqtt_buffer.o(.text)
    MqttBuffer_Reset                         0x08003001   Thumb Code    56  mqtt_buffer.o(.text)
    MqttBuffer_Destroy                       0x08003039   Thumb Code    12  mqtt_buffer.o(.text)
    MqttBuffer_AllocExtent                   0x08003045   Thumb Code   192  mqtt_buffer.o(.text)
    MqttBuffer_AppendExtent                  0x08003105   Thumb Code    30  mqtt_buffer.o(.text)
    MqttBuffer_Append                        0x08003123   Thumb Code    78  mqtt_buffer.o(.text)
    MQTT_Loop                                0x08003ba7   Thumb Code   230  mqtt_loop.o(.text)
    USART1_Init                              0x08003e75   Thumb Code   152  usart1.o(.text)
    USART1_Write                             0x08003f0d   Thumb Code    48  usart1.o(.text)
    fputc                                    0x08003f3d   Thumb Code    32  usart1.o(.text)
    USART2_Init                              0x08003f65   Thumb Code   158  usart2.o(.text)
    USART2_Write                             0x08004003   Thumb Code    56  usart2.o(.text)
    SendCmd                                  0x0800403b   Thumb Code    96  usart2.o(.text)
    USART2_GetRcvNum                         0x0800409b   Thumb Code     6  usart2.o(.text)
    USART2_GetRcvData                        0x080040a1   Thumb Code    36  usart2.o(.text)
    hexdump                                  0x080040f1   Thumb Code    46  utils.o(.text)
    prvucMBBIN2CHAR                          0x0800411f   Thumb Code    34  utils.o(.text)
    usMBCRC16                                0x08004141   Thumb Code    48  utils.o(.text)
    mDelay                                   0x08004171   Thumb Code    24  utils.o(.text)
    uDelay                                   0x08004189   Thumb Code    18  utils.o(.text)
    ESP8266_Init                             0x080041b1   Thumb Code   146  esp8266.o(.text)
    ESP8266_SendData                         0x08004243   Thumb Code    48  esp8266.o(.text)
    USART2_SendData                          0x08004273   Thumb Code    18  esp8266.o(.text)
    GPIO_I2C_Configuration                   0x080042ed   Thumb Code    68  hal_i2c.o(.text)
    I2C_Configuration                        0x08004331   Thumb Code    88  hal_i2c.o(.text)
    Check_I2C_Device_Ready                   0x08004389   Thumb Code    12  hal_i2c.o(.text)
    Hal_I2C_Init                             0x08004395   Thumb Code    30  hal_i2c.o(.text)
    Hal_I2C_ByteWrite                        0x080043b3   Thumb Code   148  hal_i2c.o(.text)
    Hal_I2C_ByteRead                         0x08004447   Thumb Code   196  hal_i2c.o(.text)
    Hal_I2C_MutiRead                         0x0800450b   Thumb Code   212  hal_i2c.o(.text)
    __aeabi_ldivmod                          0x0800460d   Thumb Code    98  ldiv.o(.text)
    __rt_ctype_table                         0x08004671   Thumb Code     4  ctype_o.o(.text)
    localtime                                0x08004679   Thumb Code   138  localtime.o(.text)
    strftime                                 0x0800470d   Thumb Code   450  strftime.o(.text)
    ___aeabi_memcpy8$move                    0x0800498d   Thumb Code     0  memmovea.o(.text)
    __aeabi_memcpy                           0x0800498d   Thumb Code    64  memmovea.o(.text)
    __aeabi_memcpy4                          0x0800498d   Thumb Code     0  memmovea.o(.text)
    __aeabi_memmove                          0x0800498d   Thumb Code     0  memmovea.o(.text)
    __aeabi_memmove4                         0x0800498d   Thumb Code     0  memmovea.o(.text)
    __aeabi_memmove8                         0x0800498d   Thumb Code     0  memmovea.o(.text)
    __aeabi_memset                           0x080049cd   Thumb Code    14  memseta.o(.text)
    __aeabi_memset4                          0x080049cd   Thumb Code     0  memseta.o(.text)
    __aeabi_memset8                          0x080049cd   Thumb Code     0  memseta.o(.text)
    __aeabi_memclr                           0x080049db   Thumb Code     4  memseta.o(.text)
    __aeabi_memclr4                          0x080049db   Thumb Code     0  memseta.o(.text)
    __aeabi_memclr8                          0x080049db   Thumb Code     0  memseta.o(.text)
    _memset$wrapper                          0x080049df   Thumb Code    18  memseta.o(.text)
    strstr                                   0x080049f1   Thumb Code    36  strstr.o(.text)
    strlen                                   0x08004a15   Thumb Code    14  strlen.o(.text)
    strcpy                                   0x08004a23   Thumb Code    18  strcpy.o(.text)
    __aeabi_dadd                             0x08004a35   Thumb Code   322  dadd.o(.text)
    __aeabi_dsub                             0x08004b77   Thumb Code     6  dadd.o(.text)
    __aeabi_drsub                            0x08004b7d   Thumb Code     6  dadd.o(.text)
    __aeabi_dmul                             0x08004b83   Thumb Code   228  dmul.o(.text)
    __aeabi_cdrcmple                         0x08004c69   Thumb Code    48  cdrcmple.o(.text)
    __aeabi_uidiv                            0x08004c99   Thumb Code     0  uidiv.o(.text)
    __aeabi_uidivmod                         0x08004c99   Thumb Code    44  uidiv.o(.text)
    __aeabi_uldivmod                         0x08004cc5   Thumb Code    98  uldiv.o(.text)
    __aeabi_llsl                             0x08004d27   Thumb Code    30  llshl.o(.text)
    _ll_shift_l                              0x08004d27   Thumb Code     0  llshl.o(.text)
    __aeabi_llsr                             0x08004d45   Thumb Code    32  llushr.o(.text)
    _ll_ushift_r                             0x08004d45   Thumb Code     0  llushr.o(.text)
    __aeabi_lasr                             0x08004d65   Thumb Code    36  llsshr.o(.text)
    _ll_sshift_r                             0x08004d65   Thumb Code     0  llsshr.o(.text)
    __I$use$fp                               0x08004d89   Thumb Code     0  iusefp.o(.text)
    _double_round                            0x08004d89   Thumb Code    30  depilogue.o(.text)
    _double_epilogue                         0x08004da7   Thumb Code   156  depilogue.o(.text)
    __aeabi_ddiv                             0x08004e43   Thumb Code   222  ddiv.o(.text)
    __aeabi_d2ulz                            0x08004f21   Thumb Code    48  dfixul.o(.text)
    __scatterload                            0x08004f51   Thumb Code    28  init.o(.text)
    __scatterload_rt2                        0x08004f51   Thumb Code     0  init.o(.text)
    __0printf                                0x08004f75   Thumb Code    22  printfa.o(i.__0printf)
    __1printf                                0x08004f75   Thumb Code     0  printfa.o(i.__0printf)
    __2printf                                0x08004f75   Thumb Code     0  printfa.o(i.__0printf)
    __c89printf                              0x08004f75   Thumb Code     0  printfa.o(i.__0printf)
    printf                                   0x08004f75   Thumb Code     0  printfa.o(i.__0printf)
    __0snprintf                              0x08004f95   Thumb Code    36  printfa.o(i.__0snprintf)
    __1snprintf                              0x08004f95   Thumb Code     0  printfa.o(i.__0snprintf)
    __2snprintf                              0x08004f95   Thumb Code     0  printfa.o(i.__0snprintf)
    __c89snprintf                            0x08004f95   Thumb Code     0  printfa.o(i.__0snprintf)
    snprintf                                 0x08004f95   Thumb Code     0  printfa.o(i.__0snprintf)
    __0sprintf                               0x08004fbd   Thumb Code    34  printfa.o(i.__0sprintf)
    __1sprintf                               0x08004fbd   Thumb Code     0  printfa.o(i.__0sprintf)
    __2sprintf                               0x08004fbd   Thumb Code     0  printfa.o(i.__0sprintf)
    __c89sprintf                             0x08004fbd   Thumb Code     0  printfa.o(i.__0sprintf)
    sprintf                                  0x08004fbd   Thumb Code     0  printfa.o(i.__0sprintf)
    __scatterload_copy                       0x08004fe5   Thumb Code    14  handlers.o(i.__scatterload_copy)
    __scatterload_null                       0x08004ff3   Thumb Code     2  handlers.o(i.__scatterload_null)
    __scatterload_zeroinit                   0x08004ff5   Thumb Code    14  handlers.o(i.__scatterload_zeroinit)
    free                                     0x080058b9   Thumb Code    76  malloc.o(i.free)
    malloc                                   0x08005909   Thumb Code    92  malloc.o(i.malloc)
    __ctype_table                            0x08005e77   Data         129  ctype_o.o(.constdata)
    Region$$Table$$Base                      0x0800608c   Number         0  anon$$obj.o(Region$$Table)
    Region$$Table$$Limit                     0x080060ac   Number         0  anon$$obj.o(Region$$Table)
    SystemCoreClock                          0x20000000   Data           4  system_stm32f10x.o(.data)
    AHBPrescTable                            0x20000004   Data          16  system_stm32f10x.o(.data)
    ir_state                                 0x20000028   Data           1  mqtt_loop.o(.data)
    key_event                                0x2000002c   Data           4  mqtt_loop.o(.data)
    usart2_rcv_len                           0x20000038   Data           4  usart2.o(.data)
    __stdout                                 0x2000003c   Data           4  stdout.o(.data)
    __microlib_freelist                      0x20000040   Data           4  mvars.o(.data)
    __microlib_freelist_initialised          0x20000044   Data           4  mvars.o(.data)
    send_buf                                 0x20000048   Data         128  mqtt_loop.o(.bss)
    smpctx                                   0x200000c8   Data         304  mqtt_loop.o(.bss)
    usart2_rcv_buf                           0x200001f8   Data         256  usart2.o(.bss)
    __heap_base                              0x20000328   Data           0  startup_stm32f10x_hd.o(HEAP)
    __heap_limit                             0x20000528   Data           0  startup_stm32f10x_hd.o(HEAP)
    __initial_sp                             0x20000928   Data           0  startup_stm32f10x_hd.o(STACK)



==============================================================================

Memory Map of the image

  Image Entry point : 0x08000145

  Load Region LR_1 (Base: 0x08000000, Size: 0x000060f4, Max: 0xffffffff, ABSOLUTE)

    Execution Region ER_RO (Base: 0x08000000, Size: 0x000060ac, Max: 0xffffffff, ABSOLUTE)

    Base Addr    Size         Type   Attr      Idx    E Section Name        Object

    0x08000000   0x00000130   Data   RO            3    RESET               startup_stm32f10x_hd.o
    0x08000130   0x00000000   Code   RO          738  * .ARM.Collect$$$$00000000  mc_w.l(entry.o)
    0x08000130   0x00000004   Code   RO         1141    .ARM.Collect$$$$00000001  mc_w.l(entry2.o)
    0x08000134   0x00000004   Code   RO         1144    .ARM.Collect$$$$00000004  mc_w.l(entry5.o)
    0x08000138   0x00000000   Code   RO         1146    .ARM.Collect$$$$00000008  mc_w.l(entry7b.o)
    0x08000138   0x00000000   Code   RO         1148    .ARM.Collect$$$$0000000A  mc_w.l(entry8b.o)
    0x08000138   0x00000008   Code   RO         1149    .ARM.Collect$$$$0000000B  mc_w.l(entry9a.o)
    0x08000140   0x00000000   Code   RO         1151    .ARM.Collect$$$$0000000D  mc_w.l(entry10a.o)
    0x08000140   0x00000000   Code   RO         1153    .ARM.Collect$$$$0000000F  mc_w.l(entry11a.o)
    0x08000140   0x00000004   Code   RO         1142    .ARM.Collect$$$$00002712  mc_w.l(entry2.o)
    0x08000144   0x00000024   Code   RO            4  * .text               startup_stm32f10x_hd.o
    0x08000168   0x000001e0   Code   RO           24    .text               system_stm32f10x.o
    0x08000348   0x000000dc   Code   RO          121    .text               misc.o
    0x08000424   0x0000035c   Code   RO          269    .text               stm32f10x_gpio.o
    0x08000780   0x00000404   Code   RO          281    .text               stm32f10x_i2c.o
    0x08000b84   0x000003a4   Code   RO          317    .text               stm32f10x_rcc.o
    0x08000f28   0x00000408   Code   RO          379    .text               stm32f10x_usart.o
    0x08001330   0x00000078   Code   RO          403    .text               main.o
    0x080013a8   0x00000060   Code   RO          466    .text               stm32f10x_it.o
    0x08001408   0x00001be4   Code   RO          482    .text               mqtt.o
    0x08002fec   0x000001a0   Code   RO          523    .text               mqtt_buffer.o
    0x0800318c   0x00000ce8   Code   RO          558    .text               mqtt_loop.o
    0x08003e74   0x000000f0   Code   RO          582    .text               usart1.o
    0x08003f64   0x0000018c   Code   RO          601    .text               usart2.o
    0x080040f0   0x000000c0   Code   RO          659    .text               utils.o
    0x080041b0   0x0000013c   Code   RO          683    .text               esp8266.o
    0x080042ec   0x00000320   Code   RO          695    .text               hal_i2c.o
    0x0800460c   0x00000062   Code   RO          741    .text               mc_w.l(ldiv.o)
    0x0800466e   0x00000002   PAD
    0x08004670   0x00000008   Code   RO          743    .text               mc_w.l(ctype_o.o)
    0x08004678   0x00000094   Code   RO          773    .text               mc_w.l(localtime.o)
    0x0800470c   0x00000280   Code   RO          777    .text               mc_w.l(strftime.o)
    0x0800498c   0x00000040   Code   RO          787    .text               mc_w.l(memmovea.o)
    0x080049cc   0x00000024   Code   RO          789    .text               mc_w.l(memseta.o)
    0x080049f0   0x00000024   Code   RO          791    .text               mc_w.l(strstr.o)
    0x08004a14   0x0000000e   Code   RO          795    .text               mc_w.l(strlen.o)
    0x08004a22   0x00000012   Code   RO          797    .text               mc_w.l(strcpy.o)
    0x08004a34   0x0000014e   Code   RO         1094    .text               mf_w.l(dadd.o)
    0x08004b82   0x000000e4   Code   RO         1096    .text               mf_w.l(dmul.o)
    0x08004c66   0x00000002   PAD
    0x08004c68   0x00000030   Code   RO         1110    .text               mf_w.l(cdrcmple.o)
    0x08004c98   0x0000002c   Code   RO         1156    .text               mc_w.l(uidiv.o)
    0x08004cc4   0x00000062   Code   RO         1158    .text               mc_w.l(uldiv.o)
    0x08004d26   0x0000001e   Code   RO         1160    .text               mc_w.l(llshl.o)
    0x08004d44   0x00000020   Code   RO         1162    .text               mc_w.l(llushr.o)
    0x08004d64   0x00000024   Code   RO         1164    .text               mc_w.l(llsshr.o)
    0x08004d88   0x00000000   Code   RO         1175    .text               mc_w.l(iusefp.o)
    0x08004d88   0x000000ba   Code   RO         1178    .text               mf_w.l(depilogue.o)
    0x08004e42   0x000000de   Code   RO         1180    .text               mf_w.l(ddiv.o)
    0x08004f20   0x00000030   Code   RO         1184    .text               mf_w.l(dfixul.o)
    0x08004f50   0x00000024   Code   RO         1186    .text               mc_w.l(init.o)
    0x08004f74   0x00000020   Code   RO         1038    i.__0printf         mc_w.l(printfa.o)
    0x08004f94   0x00000028   Code   RO         1039    i.__0snprintf       mc_w.l(printfa.o)
    0x08004fbc   0x00000028   Code   RO         1040    i.__0sprintf        mc_w.l(printfa.o)
    0x08004fe4   0x0000000e   Code   RO         1192    i.__scatterload_copy  mc_w.l(handlers.o)
    0x08004ff2   0x00000002   Code   RO         1193    i.__scatterload_null  mc_w.l(handlers.o)
    0x08004ff4   0x0000000e   Code   RO         1194    i.__scatterload_zeroinit  mc_w.l(handlers.o)
    0x08005002   0x00000002   PAD
    0x08005004   0x00000164   Code   RO         1045    i._fp_digits        mc_w.l(printfa.o)
    0x08005168   0x000006dc   Code   RO         1046    i._printf_core      mc_w.l(printfa.o)
    0x08005844   0x00000024   Code   RO         1047    i._printf_post_padding  mc_w.l(printfa.o)
    0x08005868   0x0000002e   Code   RO         1048    i._printf_pre_padding  mc_w.l(printfa.o)
    0x08005896   0x00000016   Code   RO         1049    i._snputc           mc_w.l(printfa.o)
    0x080058ac   0x0000000a   Code   RO         1050    i._sputc            mc_w.l(printfa.o)
    0x080058b6   0x00000002   PAD
    0x080058b8   0x00000050   Code   RO         1066    i.free              mc_w.l(malloc.o)
    0x08005908   0x0000006c   Code   RO         1067    i.malloc            mc_w.l(malloc.o)
    0x08005974   0x00000156   Data   RO          483    .constdata          mqtt.o
    0x08005aca   0x00000017   Data   RO          524    .constdata          mqtt_buffer.o
    0x08005ae1   0x00000003   PAD
    0x08005ae4   0x00000150   Data   RO          560    .constdata          mqtt_loop.o
    0x08005c34   0x00000008   Data   RO          603    .constdata          usart2.o
    0x08005c3c   0x00000200   Data   RO          660    .constdata          utils.o
    0x08005e3c   0x0000003b   Data   RO          696    .constdata          hal_i2c.o
    0x08005e77   0x00000081   Data   RO          744    .constdata          mc_w.l(ctype_o.o)
    0x08005ef8   0x00000004   Data   RO          745    .constdata          mc_w.l(ctype_o.o)
    0x08005efc   0x0000000c   Data   RO          775    .constdata          mc_w.l(localtime.o)
    0x08005f08   0x00000056   Data   RO          778    .constdata          mc_w.l(strftime.o)
    0x08005f5e   0x00000002   PAD
    0x08005f60   0x000000cb   Data   RO          561    .conststring        mqtt_loop.o
    0x0800602b   0x00000001   PAD
    0x0800602c   0x00000060   Data   RO          697    .conststring        hal_i2c.o
    0x0800608c   0x00000020   Data   RO         1190    Region$$Table       anon$$obj.o


    Execution Region ER_RW (Base: 0x20000000, Size: 0x00000048, Max: 0xffffffff, ABSOLUTE)

    Base Addr    Size         Type   Attr      Idx    E Section Name        Object

    0x20000000   0x00000014   Data   RW           25    .data               system_stm32f10x.o
    0x20000014   0x00000014   Data   RW          318    .data               stm32f10x_rcc.o
    0x20000028   0x00000010   Data   RW          562    .data               mqtt_loop.o
    0x20000038   0x00000004   Data   RW          604    .data               usart2.o
    0x2000003c   0x00000004   Data   RW         1155    .data               mc_w.l(stdout.o)
    0x20000040   0x00000004   Data   RW         1166    .data               mc_w.l(mvars.o)
    0x20000044   0x00000004   Data   RW         1167    .data               mc_w.l(mvars.o)


    Execution Region ER_ZI (Base: 0x20000048, Size: 0x000008e0, Max: 0xffffffff, ABSOLUTE)

    Base Addr    Size         Type   Attr      Idx    E Section Name        Object

    0x20000048   0x000001b0   Zero   RW          559    .bss                mqtt_loop.o
    0x200001f8   0x00000100   Zero   RW          602    .bss                usart2.o
    0x200002f8   0x0000002c   Zero   RW          774    .bss                mc_w.l(localtime.o)
    0x20000324   0x00000004   PAD
    0x20000328   0x00000200   Zero   RW            2    HEAP                startup_stm32f10x_hd.o
    0x20000528   0x00000400   Zero   RW            1    STACK               startup_stm32f10x_hd.o


==============================================================================

Image component sizes


      Code (inc. data)   RO Data    RW Data    ZI Data      Debug   Object Name

         0          0          0          0          0       4492   core_cm3.o
       316        104          0          0          0       1296   esp8266.o
       800         46        155          0          0       2939   hal_i2c.o
       120         82          0          0          0       2235   main.o
       220         22          0          0          0       1737   misc.o
      7140        214        342          0          0      33226   mqtt.o
       416         28         23          0          0       2659   mqtt_buffer.o
      3304       1400        539         16        432       7573   mqtt_loop.o
        36          8        304          0       1536        836   startup_stm32f10x_hd.o
       860         38          0          0          0       5585   stm32f10x_gpio.o
      1028         16          0          0          0       9043   stm32f10x_i2c.o
        96         12          0          0          0       1726   stm32f10x_it.o
       932         36          0         20          0       8728   stm32f10x_rcc.o
      1032         22          0          0          0       8308   stm32f10x_usart.o
       480         38          0         20          0     236151   system_stm32f10x.o
       240          8          0          0          0       1565   usart1.o
       396         44          8          4        256       2354   usart2.o
       192         22        512          0          0       1866   utils.o

    ----------------------------------------------------------------------
     17608       2140       1919         60       2224     332319   Object Totals
         0          0         32          0          0          0   (incl. Generated)
         0          0          4          0          0          0   (incl. Padding)

    ----------------------------------------------------------------------

      Code (inc. data)   RO Data    RW Data    ZI Data      Debug   Library Member Name

         8          4        133          0          0         68   ctype_o.o
         0          0          0          0          0          0   entry.o
         0          0          0          0          0          0   entry10a.o
         0          0          0          0          0          0   entry11a.o
         8          4          0          0          0          0   entry2.o
         4          0          0          0          0          0   entry5.o
         0          0          0          0          0          0   entry7b.o
         0          0          0          0          0          0   entry8b.o
         8          4          0          0          0          0   entry9a.o
        30          0          0          0          0          0   handlers.o
        36          8          0          0          0         68   init.o
         0          0          0          0          0          0   iusefp.o
        98          0          0          0          0         84   ldiv.o
        30          0          0          0          0         68   llshl.o
        36          0          0          0          0         68   llsshr.o
        32          0          0          0          0         68   llushr.o
       148         10         12          0         44         76   localtime.o
       188         20          0          0          0        160   malloc.o
        64          0          0          0          0         76   memmovea.o
        36          0          0          0          0        108   memseta.o
         0          0          0          8          0          0   mvars.o
      2338        100          0          0          0        748   printfa.o
         0          0          0          4          0          0   stdout.o
        18          0          0          0          0         68   strcpy.o
       640        202         86          0          0        100   strftime.o
        14          0          0          0          0         68   strlen.o
        36          0          0          0          0         80   strstr.o
        44          0          0          0          0         80   uidiv.o
        98          0          0          0          0         92   uldiv.o
        48          0          0          0          0         68   cdrcmple.o
       334          0          0          0          0        148   dadd.o
       222          0          0          0          0        100   ddiv.o
       186          0          0          0          0        176   depilogue.o
        48          0          0          0          0         68   dfixul.o
       228          0          0          0          0         96   dmul.o

    ----------------------------------------------------------------------
      4988        352        233         12         48       2736   Library Totals
         8          0          2          0          4          0   (incl. Padding)

    ----------------------------------------------------------------------

      Code (inc. data)   RO Data    RW Data    ZI Data      Debug   Library Name

      3914        352        231         12         44       2080   mc_w.l
      1066          0          0          0          0        656   mf_w.l

    ----------------------------------------------------------------------
      4988        352        233         12         48       2736   Library Totals

    ----------------------------------------------------------------------

==============================================================================


      Code (inc. data)   RO Data    RW Data    ZI Data      Debug   

     22596       2492       2152         72       2272     332295   Grand Totals
     22596       2492       2152         72       2272     332295   ELF Image Totals
     22596       2492       2152         72          0          0   ROM Totals

==============================================================================

    Total RO  Size (Code + RO Data)                24748 (  24.17kB)
    Total RW  Size (RW Data + ZI Data)              2344 (   2.29kB)
    Total ROM Size (Code + RO Data + RW Data)      24820 (  24.24kB)

==============================================================================

